Microchip MPLAB XC8 Compiler V2.32

Linker command line:

-W-3 --edf=C:\Program Files\Microchip\xc8\v2.32\pic\dat\en_msgs.txt -cn \
  -h+dist/default/production\Lab03M.X.production.sym \
  --cmf=dist/default/production\Lab03M.X.production.cmf -z -Q16F887 \
  -oC:\Users\Admin\AppData\Local\Temp\xcAs68o.4 --defsym=__MPLAB_BUILD=1 \
  -Mdist/default/production/Lab03M.X.production.map -E1 -ver=XC8 Compiler \
  --acfsm=1493 -ASTACK=0110h-016Fh -pstack=STACK -ACODE=00h-07FFhx4 \
  -ASTRCODE=00h-01FFFh -ASTRING=00h-0FFhx32 -ACONST=00h-0FFhx32 \
  -AENTRY=00h-0FFhx32 -ACOMMON=070h-07Fh -ABANK0=020h-06Fh \
  -ABANK1=0A0h-0EFh -ABANK2=0110h-016Fh -ABANK3=0190h-01EFh \
  -ARAM=020h-06Fh,0A0h-0EFh,0110h-016Fh,0190h-01EFh \
  -AABS1=020h-07Fh,0A0h-0EFh,0110h-016Fh,0190h-01EFh -ASFR0=00h-01Fh \
  -ASFR1=080h-09Fh -ASFR2=0100h-010Fh -ASFR3=0180h-018Fh \
  -ACONFIG=02007h-02008h -DCONFIG=2 -AIDLOC=02000h-02003h -DIDLOC=2 \
  -AEEDATA=00h-0FFh/02100h -peeprom_data=EEDATA -DEEDATA=2 -DCODE=2 \
  -DSTRCODE=2 -DSTRING=2 -DCONST=2 -DENTRY=2 \
  -preset_vec=00h,intentry,init,end_init -ppowerup=CODE -pcinit=CODE \
  -pfunctab=ENTRY -k C:\Users\Admin\AppData\Local\Temp\xcAs68o.o \
  dist/default/production\Lab03M.X.production.o 

Object code version is 3.11

Machine type is 16F887



                Name                               Link     Load   Length Selector   Space Scale
C:\Users\Admin\AppData\Local\Temp\xcAs68o.o
                end_init                              0        0        3        0       0
                config                             2007     2007        2        0       4
dist/default/production\Lab03M.X.production.o
                cinit                               7EF      7EF       11      FDE       0
                config                             2007     2007        2        0       4
                text20                                B        B        A       16       0
                text19                             16F2     16F2       52     2DE4       0
                text18                               15       15       85       2A       0
                text17                             1744     1744       55     2E88       0
                text16                             165D     165D       16     2CBA       0
                text15                             16C1     16C1       31     2D82       0
                text14                             1799     1799       67     2F32       0
                text13                              B8B      B8B      1DD     1716       0
                text12                              89F      89F       A2     113E       0
                text11                             1673     1673       27     2CE6       0
                text10                               9A       9A      361      134       0
                text9                               D68      D68      298     1AD0       0
                text8                               801      801       24     1002       0
                text7                               825      825       7A     104A       0
                text6                              169A     169A       27     2D34       0
                text5                               941      941       BC     1282       0
                text4                               3FB      3FB      3F4      7F6       0
                text3                              164D     164D        7     2C9A       0
                text2                              1654     1654        9     2CA8       0
                text1                              1647     1647        6     2C8E       0
                maintext                            9FD      9FD      18E     13FA       0
                cstackBANK0                          20       20       4E       20       1
                cstackCOMMON                         70       70        D       70       1
                cstackBANK1                          BC       BC       13       A0       1
                clrtext                               3        3        8        0       0
                bssBANK1                             A0       A0       1C       A0       1
                bssBANK0                             6E       6E        2       20       1
                strings                            1000     1000       3C     2000       0

TOTAL           Name                               Link     Load   Length     Space
        CLASS   STACK          

        CLASS   CODE           
                end_init                              0        0        3         0
                cinit                               7EF      7EF       11         0
                text20                                B        B        A         0
                text19                             16F2     16F2       52         0
                text18                               15       15       85         0
                text17                             1744     1744       55         0
                text16                             165D     165D       16         0
                text15                             16C1     16C1       31         0
                text14                             1799     1799       67         0
                text13                              B8B      B8B      1DD         0
                text12                              89F      89F       A2         0
                text11                             1673     1673       27         0
                text10                               9A       9A      361         0
                text9                               D68      D68      298         0
                text8                               801      801       24         0
                text7                               825      825       7A         0
                text6                              169A     169A       27         0
                text5                               941      941       BC         0
                text4                               3FB      3FB      3F4         0
                text3                              164D     164D        7         0
                text2                              1654     1654        9         0
                text1                              1647     1647        6         0
                maintext                            9FD      9FD      18E         0
                clrtext                               3        3        8         0

        CLASS   STRCODE        

        CLASS   STRING         
                strings                            1000     1000       3C         0

        CLASS   CONST          

        CLASS   ENTRY          

        CLASS   COMMON         
                cstackCOMMON                         70       70        D         1

        CLASS   BANK0          
                cstackBANK0                          20       20       4E         1
                bssBANK0                             6E       6E        2         1

        CLASS   BANK1          
                cstackBANK1                          BC       BC       13         1
                bssBANK1                             A0       A0       1C         1

        CLASS   BANK2          

        CLASS   BANK3          

        CLASS   RAM            

        CLASS   ABS1           
                abs_s1                               7E       7E        2         1

        CLASS   SFR0           

        CLASS   SFR1           

        CLASS   SFR2           

        CLASS   SFR3           

        CLASS   CONFIG         
                config                             2007     2007        2         4

        CLASS   IDLOC          

        CLASS   EEDATA         



SEGMENTS        Name                           Load    Length   Top    Selector   Space  Class     Delta

                reset_vec                      000000  00000B  00000B         0       0  CODE        2
                text20                         00000B  00000A  000015        16       0  CODE        2
                cstackBANK0                    000020  000050  000070        20       1  BANK0       1
                text18                         000015  000085  00009A        2A       0  CODE        2
                cstackCOMMON                   000070  00000D  00007D        70       1  COMMON      1
                bssBANK1                       0000A0  00002F  0000CF        A0       1  BANK1       1
                text10                         00009A  000361  0003FB       134       0  CODE        2
                text4                          0003FB  0003F4  0007EF       7F6       0  CODE        2
                cinit                          0007EF  000011  000800       FDE       0  CODE        2
                text8                          000801  000024  000825      1002       0  CODE        2
                text7                          000825  00007A  00089F      104A       0  CODE        2
                text12                         00089F  0000A2  000941      113E       0  CODE        2
                text5                          000941  0000BC  0009FD      1282       0  CODE        2
                maintext                       0009FD  00018E  000B8B      13FA       0  CODE        2
                text13                         000B8B  0001DD  000D68      1716       0  CODE        2
                text9                          000D68  000298  001000      1AD0       0  CODE        2
                strings                        001000  00003C  00103C      2000       0  STRING      2
                text1                          001647  000006  00164D      2C8E       0  CODE        2
                text3                          00164D  000007  001654      2C9A       0  CODE        2
                text2                          001654  000009  00165D      2CA8       0  CODE        2
                text16                         00165D  000016  001673      2CBA       0  CODE        2
                text11                         001673  000027  00169A      2CE6       0  CODE        2
                text6                          00169A  000027  0016C1      2D34       0  CODE        2
                text15                         0016C1  000031  0016F2      2D82       0  CODE        2
                text19                         0016F2  000052  001744      2DE4       0  CODE        2
                text17                         001744  000055  001799      2E88       0  CODE        2
                text14                         001799  000067  001800      2F32       0  CODE        2


UNUSED ADDRESS RANGES

        Name                Unused          Largest block    Delta
        BANK1            00CF-00EF             21           1
        BANK2            0110-016F             60           1
        BANK3            0190-01EF             60           1
        CODE             0800-0800              1           2
                         103C-1646            60B
                         1800-1FFF            800
        COMMON           007D-007D              1           1
        CONST            0800-0800              1           2
                         103C-1646            100
                         1800-1FFF            100
        EEDATA           2100-21FF            100           2
        ENTRY            0800-0800              1           2
                         103C-1646            100
                         1800-1FFF            100
        IDLOC            2000-2003              4           2
        RAM              00CF-00EF             21           1
                         0110-016F             60
                         0190-01EF             60
        SFR0             0000-001F             20           1
        SFR1             0080-009F             20           1
        SFR2             0100-010F             10           1
        SFR3             0180-018F             10           1
        STACK            0110-016F             60           1
        STRCODE          0800-0800              1           2
                         103C-1646            60B
                         1800-1FFF            800
        STRING           0800-0800              1           2
                         103C-1646            100
                         1800-1FFF            100

                                  Symbol Table

?__Umul8_16              cstackCOMMON 0070
?___awdiv                cstackCOMMON 0070
?___fladd                cstackCOMMON 0070
?___fldiv                cstackBANK0  0032
?___flmul                cstackBANK0  004C
?___flsub                cstackBANK0  0032
?___fltol                cstackCOMMON 0070
?___wmul                 cstackBANK0  0020
?___xxtofl               cstackBANK0  0024
?_printf                 cstackCOMMON 0071
_ADCON0bits              (abs)        001F
_ADCON1bits              (abs)        009F
_ANSEL                   (abs)        0188
_ANSELH                  (abs)        0189
_ANSELHbits              (abs)        0189
_ANSELbits               (abs)        0188
_BAUDCTLbits             (abs)        0187
_Eusart                  text18       0015
_OSCCONbits              (abs)        008F
_PIE1bits                (abs)        008C
_PIR1bits                (abs)        000C
_PORTB                   (abs)        0006
_PORTCbits               (abs)        0007
_PORTD                   (abs)        0008
_RCREG                   (abs)        001A
_RCSTAbits               (abs)        0018
_SPBRG                   (abs)        0099
_SPBRGH                  (abs)        009A
_SSPBUF                  (abs)        0013
_SSPCON                  (abs)        0014
_SSPSTAT                 (abs)        0094
_SSPSTATbits             (abs)        0094
_TRISB                   (abs)        0086
_TRISC3                  (abs)        043B
_TRISC5                  (abs)        043D
_TRISCbits               (abs)        0087
_TRISD                   (abs)        0088
_TXIF                    (abs)        0064
_TXREG                   (abs)        0019
_TXSTAbits               (abs)        0098
__Habs1                  abs1         0000
__Hbank0                 bank0        0000
__Hbank1                 bank1        0000
__Hbank2                 bank2        0000
__Hbank3                 bank3        0000
__HbssBANK0              bssBANK0     0000
__HbssBANK1              bssBANK1     0000
__Hcinit                 cinit        0800
__Hclrtext               clrtext      0000
__Hcode                  code         0000
__Hcommon                common       0000
__Hconfig                config       2009
__HcstackBANK0           cstackBANK0  0000
__HcstackBANK1           cstackBANK1  0000
__HcstackCOMMON          cstackCOMMON 0000
__Heeprom_data           eeprom_data  0000
__Hend_init              end_init     0003
__Hfunctab               functab      0000
__Hinit                  init         0000
__Hintentry              intentry     0000
__Hmaintext              maintext     0000
__Hpowerup               powerup      0000
__Hram                   ram          0000
__Hreset_vec             reset_vec    0000
__Hsfr0                  sfr0         0000
__Hsfr1                  sfr1         0000
__Hsfr2                  sfr2         0000
__Hsfr3                  sfr3         0000
__Hspace_0               (abs)        1800
__Hspace_1               (abs)        00CF
__Hspace_2               (abs)        0000
__Hspace_3               (abs)        0000
__Hspace_4               (abs)        4010
__Hstack                 stack        0000
__Hstrings               strings      0000
__Htext                  text         0000
__Labs1                  abs1         0000
__Lbank0                 bank0        0000
__Lbank1                 bank1        0000
__Lbank2                 bank2        0000
__Lbank3                 bank3        0000
__LbssBANK0              bssBANK0     0000
__LbssBANK1              bssBANK1     0000
__Lcinit                 cinit        07EF
__Lclrtext               clrtext      0000
__Lcode                  code         0000
__Lcommon                common       0000
__Lconfig                config       0000
__LcstackBANK0           cstackBANK0  0000
__LcstackBANK1           cstackBANK1  0000
__LcstackCOMMON          cstackCOMMON 0000
__Leeprom_data           eeprom_data  0000
__Lend_init              end_init     0000
__Lfunctab               functab      0000
__Linit                  init         0000
__Lintentry              intentry     0000
__Lmaintext              maintext     0000
__Lpowerup               powerup      0000
__Lram                   ram          0000
__Lreset_vec             reset_vec    0000
__Lsfr0                  sfr0         0000
__Lsfr1                  sfr1         0000
__Lsfr2                  sfr2         0000
__Lsfr3                  sfr3         0000
__Lspace_0               (abs)        0000
__Lspace_1               (abs)        0000
__Lspace_2               (abs)        0000
__Lspace_3               (abs)        0000
__Lspace_4               (abs)        0000
__Lstack                 stack        0000
__Lstrings               strings      0000
__Ltext                  text         0000
__S0                     (abs)        1800
__S1                     (abs)        00CF
__S2                     (abs)        0000
__S3                     (abs)        0000
__Umul8_16               text11       1673
__Umul8_16@multiplicand  cstackCOMMON 0070
__Umul8_16@multiplier    cstackCOMMON 0078
__Umul8_16@product       cstackCOMMON 0074
__Umul8_16@word_mpld     cstackCOMMON 0076
___awdiv                 text14       1799
___awdiv@counter         cstackCOMMON 0075
___awdiv@dividend        cstackCOMMON 0072
___awdiv@divisor         cstackCOMMON 0070
___awdiv@quotient        cstackCOMMON 0077
___awdiv@sign            cstackCOMMON 0076
___fladd                 text9        0D68
___fladd@a               cstackCOMMON 0074
___fladd@aexp            cstackCOMMON 0079
___fladd@b               cstackCOMMON 0070
___fladd@bexp            cstackCOMMON 007A
___fladd@grs             cstackCOMMON 007B
___fladd@signs           cstackCOMMON 0078
___fldiv                 text13       0B8B
___fldiv@a               cstackBANK0  0032
___fldiv@aexp            cstackBANK0  004B
___fldiv@b               cstackBANK0  0036
___fldiv@bexp            cstackBANK0  004A
___fldiv@grs             cstackBANK0  0046
___fldiv@new_exp         cstackBANK0  0044
___fldiv@rem             cstackBANK0  003F
___fldiv@sign            cstackBANK0  0043
___flge                  text12       089F
___flge@ff1              cstackCOMMON 0070
___flge@ff2              cstackCOMMON 0074
___flmul                 text10       009A
___flmul@a               cstackBANK0  0050
___flmul@aexp            cstackBANK0  005E
___flmul@b               cstackBANK0  004C
___flmul@bexp            cstackBANK0  005F
___flmul@grs             cstackBANK0  005A
___flmul@prod            cstackBANK0  0060
___flmul@sign            cstackBANK0  0059
___flmul@temp            cstackBANK0  0064
___flsub                 text8        0801
___flsub@a               cstackBANK0  0032
___flsub@b               cstackBANK0  0036
___fltol                 text7        0825
___fltol@exp1            cstackCOMMON 007A
___fltol@f1              cstackCOMMON 0070
___fltol@sign1           cstackCOMMON 0079
___int_sp                stack        0000
___latbits               (abs)        0002
___sp                    stack        0000
___stackhi               (abs)        0000
___stacklo               (abs)        0000
___wmul                  text6        169A
___wmul@multiplicand     cstackBANK0  0022
___wmul@multiplier       cstackBANK0  0020
___wmul@product          cstackCOMMON 007B
___xxtofl                text5        0941
___xxtofl@arg            cstackBANK0  002E
___xxtofl@exp            cstackBANK0  002D
___xxtofl@sign           cstackBANK0  002C
___xxtofl@val            cstackBANK0  0024
__end_of_Eusart          text18       009A
__end_of__Umul8_16       text11       169A
__end_of___awdiv         text14       1800
__end_of___fladd         text9        1000
__end_of___fldiv         text13       0D68
__end_of___flge          text12       0941
__end_of___flmul         text10       03FB
__end_of___flsub         text8        0825
__end_of___fltol         text7        089F
__end_of___wmul          text6        16C1
__end_of___xxtofl        text5        09FD
__end_of__initialization cinit        07FC
__end_of__stringtab      strings      1010
__end_of_config          text15       16F2
__end_of_config_osc      text17       1799
__end_of_convert         text4        07EF
__end_of_main            maintext     0B8B
__end_of_printf          text19       1744
__end_of_putch           text20       0015
__end_of_spiInit         text16       1673
__end_of_spiRead         text2        165D
__end_of_spiReceiveWait  text3        1654
__end_of_spiWrite        text1        164D
__initialization         cinit        07EF
__pbssBANK0              bssBANK0     006E
__pbssBANK1              bssBANK1     00A0
__pcstackBANK0           cstackBANK0  0020
__pcstackBANK1           cstackBANK1  00BC
__pcstackCOMMON          cstackCOMMON 0070
__pmaintext              maintext     09FD
__pstrings               strings      1000
__ptext1                 text1        1647
__ptext10                text10       009A
__ptext11                text11       1673
__ptext12                text12       089F
__ptext13                text13       0B8B
__ptext14                text14       1799
__ptext15                text15       16C1
__ptext16                text16       165D
__ptext17                text17       1744
__ptext18                text18       0015
__ptext19                text19       16F2
__ptext2                 text2        1654
__ptext20                text20       000B
__ptext3                 text3        164D
__ptext4                 text4        03FB
__ptext5                 text5        0941
__ptext6                 text6        169A
__ptext7                 text7        0825
__ptext8                 text8        0801
__ptext9                 text9        0D68
__size_of_Eusart         (abs)        0000
__size_of__Umul8_16      (abs)        0000
__size_of___awdiv        (abs)        0000
__size_of___fladd        (abs)        0000
__size_of___fldiv        (abs)        0000
__size_of___flge         (abs)        0000
__size_of___flmul        (abs)        0000
__size_of___flsub        (abs)        0000
__size_of___fltol        (abs)        0000
__size_of___wmul         (abs)        0000
__size_of___xxtofl       (abs)        0000
__size_of_config         (abs)        0000
__size_of_config_osc     (abs)        0000
__size_of_convert        (abs)        0000
__size_of_main           (abs)        0000
__size_of_printf         (abs)        0000
__size_of_putch          (abs)        0000
__size_of_spiInit        (abs)        0000
__size_of_spiRead        (abs)        0000
__size_of_spiReceiveWait (abs)        0000
__size_of_spiWrite       (abs)        0000
__stringbase             strings      100F
__stringtab              strings      1000
_adc0                    bssBANK1     00B2
_adc1                    bssBANK1     00A8
_config                  text15       16C1
_config_osc              text17       1744
_conv0                   bssBANK1     00A4
_conv1                   bssBANK1     00A0
_convert                 text4        03FB
_main                    maintext     09FD
_printf                  text19       16F2
_putch                   text20       000B
_spiInit                 text16       165D
_spiRead                 text2        1654
_spiReceiveWait          text3        164D
_spiWrite                text1        1647
_var_adc0                bssBANK0     006F
_var_adc1                bssBANK0     006E
btemp                    (abs)        007E
clear_ram0               clrtext      0003
config_osc@frec          cstackCOMMON 0072
convert@a                cstackBANK0  0066
convert@data             cstackBANK1  00C0
convert@digits           cstackBANK1  00C7
convert@i                cstackBANK1  00C5
convert@j                cstackBANK1  00BE
convert@mu               cstackBANK1  00C9
convert@place            cstackBANK0  006A
convert@temp             cstackBANK1  00BC
convert@x                cstackBANK1  00C1
end_of_initialization    cinit        07FC
intlevel0                functab      0000
intlevel1                functab      0000
intlevel2                functab      0000
intlevel3                functab      0000
intlevel4                functab      0000
intlevel5                functab      0000
printf@ap                cstackCOMMON 0077
printf@c                 cstackCOMMON 0078
printf@f                 cstackCOMMON 0071
putch@data               cstackCOMMON 0070
reset_vec                reset_vec    0000
spiInit@sClockIdle       cstackCOMMON 0071
spiInit@sDataSample      cstackCOMMON 0070
spiInit@sTransmitEdge    cstackCOMMON 0072
spiInit@sType            cstackCOMMON 0073
spiWrite@dat             cstackCOMMON 0070
start                    init         0000
start_initialization     cinit        07EF
wtemp0                   (abs)        007E


MODULE INFORMATION

Module		Function		Class		Link	Load	Size
C:\Program Files\Microchip\xc8\v2.32\pic\sources\c90\common\sprcadd.c
		___flsub       		CODE           	0801	0000	36
		___fladd       		CODE           	0D68	0000	664

C:\Program Files\Microchip\xc8\v2.32\pic\sources\c90\common\sprcadd.c estimated size: 700

C:\Program Files\Microchip\xc8\v2.32\pic\sources\c90\common\flge.c
		___flge        		CODE           	089F	0000	162

C:\Program Files\Microchip\xc8\v2.32\pic\sources\c90\common\flge.c estimated size: 162

Maestro.c
		_Eusart        		CODE           	0015	0000	133
		_putch         		CODE           	000B	0000	10
		_main          		CODE           	09FD	0000	398
		_config        		CODE           	16C1	0000	49

Maestro.c estimated size: 590

C:\Program Files\Microchip\xc8\v2.32\pic\sources\c90\common\xxtofl.c
		___xxtofl      		CODE           	0941	0000	188

C:\Program Files\Microchip\xc8\v2.32\pic\sources\c90\common\xxtofl.c estimated size: 188

ADCL3.c
		_convert       		CODE           	03FB	0000	1012

ADCL3.c estimated size: 1012

C:\Program Files\Microchip\xc8\v2.32\pic\sources\c90\common\Umul8_16.c
		__Umul8_16     		CODE           	1673	0000	39

C:\Program Files\Microchip\xc8\v2.32\pic\sources\c90\common\Umul8_16.c estimated size: 39

shared
		__stringtab    		STRING         	1000	0000	16
		__initialization		CODE           	07EF	0000	13

shared estimated size: 29

LibreriasL3.c
		_spiWrite      		CODE           	1647	0000	6
		_spiInit       		CODE           	165D	0000	22
		_spiReceiveWait		CODE           	164D	0000	7
		_spiRead       		CODE           	1654	0000	9
		_config_osc    		CODE           	1744	0000	85

LibreriasL3.c estimated size: 129

C:\Program Files\Microchip\xc8\v2.32\pic\sources\c90\common\sprcmul.c
		___flmul       		CODE           	009A	0000	865

C:\Program Files\Microchip\xc8\v2.32\pic\sources\c90\common\sprcmul.c estimated size: 865

C:\Program Files\Microchip\xc8\v2.32\pic\sources\c90\common\sprcdiv.c
		___fldiv       		CODE           	0B8B	0000	477

C:\Program Files\Microchip\xc8\v2.32\pic\sources\c90\common\sprcdiv.c estimated size: 477

C:\Program Files\Microchip\xc8\v2.32\pic\sources\c90\common\doprnt.c
		_printf        		CODE           	16F2	0000	82

C:\Program Files\Microchip\xc8\v2.32\pic\sources\c90\common\doprnt.c estimated size: 82

C:\Program Files\Microchip\xc8\v2.32\pic\sources\c90\common\awdiv.c
		___awdiv       		CODE           	1799	0000	103

C:\Program Files\Microchip\xc8\v2.32\pic\sources\c90\common\awdiv.c estimated size: 103

C:\Program Files\Microchip\xc8\v2.32\pic\sources\c90\common\Umul16.c
		___wmul        		CODE           	169A	0000	39

C:\Program Files\Microchip\xc8\v2.32\pic\sources\c90\common\Umul16.c estimated size: 39

C:\Program Files\Microchip\xc8\v2.32\pic\sources\c90\common\fltol.c
		___fltol       		CODE           	0825	0000	122

C:\Program Files\Microchip\xc8\v2.32\pic\sources\c90\common\fltol.c estimated size: 122

