Microchip MPLAB XC8 Compiler V2.32

Linker command line:

-W-3 --edf=C:\Program Files\Microchip\xc8\v2.32\pic\dat\en_msgs.txt -cn \
  -h+dist/default/production\Lab03M.X.production.sym \
  --cmf=dist/default/production\Lab03M.X.production.cmf -z -Q16F887 \
  -oC:\Users\Admin\AppData\Local\Temp\xcAsa8s.4 --defsym=__MPLAB_BUILD=1 \
  -Mdist/default/production/Lab03M.X.production.map -E1 -ver=XC8 Compiler \
  --acfsm=1493 -ASTACK=0110h-016Fh -pstack=STACK -ACODE=00h-07FFhx4 \
  -ASTRCODE=00h-01FFFh -ASTRING=00h-0FFhx32 -ACONST=00h-0FFhx32 \
  -AENTRY=00h-0FFhx32 -ACOMMON=070h-07Fh -ABANK0=020h-06Fh \
  -ABANK1=0A0h-0EFh -ABANK2=0110h-016Fh -ABANK3=0190h-01EFh \
  -ARAM=020h-06Fh,0A0h-0EFh,0110h-016Fh,0190h-01EFh \
  -AABS1=020h-07Fh,0A0h-0EFh,0110h-016Fh,0190h-01EFh -ASFR0=00h-01Fh \
  -ASFR1=080h-09Fh -ASFR2=0100h-010Fh -ASFR3=0180h-018Fh \
  -ACONFIG=02007h-02008h -DCONFIG=2 -AIDLOC=02000h-02003h -DIDLOC=2 \
  -AEEDATA=00h-0FFh/02100h -peeprom_data=EEDATA -DEEDATA=2 -DCODE=2 \
  -DSTRCODE=2 -DSTRING=2 -DCONST=2 -DENTRY=2 \
  -preset_vec=00h,intentry,init,end_init -ppowerup=CODE -pcinit=CODE \
  -pfunctab=ENTRY -k C:\Users\Admin\AppData\Local\Temp\xcAsa8s.o \
  dist/default/production\Lab03M.X.production.o 

Object code version is 3.11

Machine type is 16F887



                Name                               Link     Load   Length Selector   Space Scale
C:\Users\Admin\AppData\Local\Temp\xcAsa8s.o
                end_init                              0        0        3        0       0
                config                             2007     2007        2        0       4
dist/default/production\Lab03M.X.production.o
                cinit                               7EF      7EF       11      FDE       0
                functab                               3        3        9        6       0
                config                             2007     2007        2        0       4
                text28                             131C     131C       27     2638       0
                text27                             1293     1293       12     2526       0
                text26                               17       17       83       2E       0
                text25                             143B     143B       44     2876       0
                text24                             13C4     13C4       3A     2788       0
                text23                              801      801        9     1002       0
                text22                             1699     1699      167     2D32       0
                text21                             12D5     12D5       23     25AA       0
                text20                             136A     136A       29     26D4       0
                text19                             13FE     13FE       3D     27FC       0
                text18                             12BB     12BB       1A     2576       0
                text17                              884      884      175     1108       0
                text16                             147F     147F       55     28FE       0
                text15                             12A5     12A5       16     254A       0
                text14                             1393     1393       31     2726       0
                text13                             14D4     14D4       67     29A8       0
                text12                              B8B      B8B      1DD     1716       0
                text11                             153B     153B       A2     2A76       0
                text10                             1343     1343       27     2686       0
                text9                                9A       9A      361      134       0
                text8                               D68      D68      298     1AD0       0
                text7                              12F8     12F8       24     25F0       0
                text6                               80A      80A       7A     1014       0
                text5                              15DD     15DD       BC     2BBA       0
                text4                               3FB      3FB      3F4      7F6       0
                text3                              1284     1284        7     2508       0
                text2                                 E        E        9       1C       0
                text1                              127E     127E        6     24FC       0
                maintext                            9F9      9F9      192     13F2       0
                cstackBANK0                          20       20       4E       20       1
                cstackCOMMON                         70       70        E       70       1
                cstackBANK1                          C3       C3       13       A0       1
                clrtext                            128B     128B        8     2516       0
                bssBANK1                             A0       A0       23       A0       1
                bssBANK0                             6E       6E        2       20       1
                strings                            1000     1000       A6     2000       0

TOTAL           Name                               Link     Load   Length     Space
        CLASS   STACK          

        CLASS   CODE           
                end_init                              0        0        3         0
                cinit                               7EF      7EF       11         0
                text28                             131C     131C       27         0
                text27                             1293     1293       12         0
                text26                               17       17       83         0
                text25                             143B     143B       44         0
                text24                             13C4     13C4       3A         0
                text23                              801      801        9         0
                text22                             1699     1699      167         0
                text21                             12D5     12D5       23         0
                text20                             136A     136A       29         0
                text19                             13FE     13FE       3D         0
                text18                             12BB     12BB       1A         0
                text17                              884      884      175         0
                text16                             147F     147F       55         0
                text15                             12A5     12A5       16         0
                text14                             1393     1393       31         0
                text13                             14D4     14D4       67         0
                text12                              B8B      B8B      1DD         0
                text11                             153B     153B       A2         0
                text10                             1343     1343       27         0
                text9                                9A       9A      361         0
                text8                               D68      D68      298         0
                text7                              12F8     12F8       24         0
                text6                               80A      80A       7A         0
                text5                              15DD     15DD       BC         0
                text4                               3FB      3FB      3F4         0
                text3                              1284     1284        7         0
                text2                                 E        E        9         0
                text1                              127E     127E        6         0
                maintext                            9F9      9F9      192         0
                clrtext                            128B     128B        8         0

        CLASS   STRCODE        

        CLASS   STRING         
                strings                            1000     1000       A6         0

        CLASS   CONST          

        CLASS   ENTRY          
                functab                               3        3        9         0

        CLASS   COMMON         
                cstackCOMMON                         70       70        E         1

        CLASS   BANK0          
                cstackBANK0                          20       20       4E         1
                bssBANK0                             6E       6E        2         1

        CLASS   BANK1          
                cstackBANK1                          C3       C3       13         1
                bssBANK1                             A0       A0       23         1

        CLASS   BANK2          

        CLASS   BANK3          

        CLASS   RAM            

        CLASS   ABS1           
                abs_s1                               7E       7E        2         1

        CLASS   SFR0           

        CLASS   SFR1           

        CLASS   SFR2           

        CLASS   SFR3           

        CLASS   CONFIG         
                config                             2007     2007        2         4

        CLASS   IDLOC          

        CLASS   EEDATA         



SEGMENTS        Name                           Load    Length   Top    Selector   Space  Class     Delta

                reset_vec                      000000  000003  000003         0       0  CODE        2
                functab                        000003  000009  00000C         6       0  ENTRY       2
                text2                          00000E  000009  000017        1C       0  CODE        2
                cstackBANK0                    000020  000050  000070        20       1  BANK0       1
                text26                         000017  000083  00009A        2E       0  CODE        2
                cstackCOMMON                   000070  00000E  00007E        70       1  COMMON      1
                bssBANK1                       0000A0  000036  0000D6        A0       1  BANK1       1
                text9                          00009A  000361  0003FB       134       0  CODE        2
                text4                          0003FB  0003F4  0007EF       7F6       0  CODE        2
                cinit                          0007EF  000011  000800       FDE       0  CODE        2
                text23                         000801  000009  00080A      1002       0  CODE        2
                text6                          00080A  00007A  000884      1014       0  CODE        2
                text17                         000884  000175  0009F9      1108       0  CODE        2
                maintext                       0009F9  000192  000B8B      13F2       0  CODE        2
                text12                         000B8B  0001DD  000D68      1716       0  CODE        2
                text8                          000D68  000298  001000      1AD0       0  CODE        2
                strings                        001000  0000A6  0010A6      2000       0  STRING      2
                text1                          00127E  000006  001284      24FC       0  CODE        2
                text3                          001284  000007  00128B      2508       0  CODE        2
                clrtext                        00128B  000008  001293      2516       0  CODE        2
                text27                         001293  000012  0012A5      2526       0  CODE        2
                text15                         0012A5  000016  0012BB      254A       0  CODE        2
                text18                         0012BB  00001A  0012D5      2576       0  CODE        2
                text21                         0012D5  000023  0012F8      25AA       0  CODE        2
                text7                          0012F8  000024  00131C      25F0       0  CODE        2
                text28                         00131C  000027  001343      2638       0  CODE        2
                text10                         001343  000027  00136A      2686       0  CODE        2
                text20                         00136A  000029  001393      26D4       0  CODE        2
                text14                         001393  000031  0013C4      2726       0  CODE        2
                text24                         0013C4  00003A  0013FE      2788       0  CODE        2
                text19                         0013FE  00003D  00143B      27FC       0  CODE        2
                text25                         00143B  000044  00147F      2876       0  CODE        2
                text16                         00147F  000055  0014D4      28FE       0  CODE        2
                text13                         0014D4  000067  00153B      29A8       0  CODE        2
                text11                         00153B  0000A2  0015DD      2A76       0  CODE        2
                text5                          0015DD  0000BC  001699      2BBA       0  CODE        2
                text22                         001699  000167  001800      2D32       0  CODE        2


UNUSED ADDRESS RANGES

        Name                Unused          Largest block    Delta
        BANK1            00D6-00EF             1A           1
        BANK2            0110-016F             60           1
        BANK3            0190-01EF             60           1
        CODE             000C-000D              2           2
                         0800-0800              1
                         10A6-127D            1D8
                         1800-1FFF            800
        CONST            000C-000D              2           2
                         0800-0800              1
                         10A6-127D            100
                         1800-1FFF            100
        EEDATA           2100-21FF            100           2
        ENTRY            000C-000D              2           2
                         0800-0800              1
                         10A6-127D            100
                         1800-1FFF            100
        IDLOC            2000-2003              4           2
        RAM              00D6-00EF             1A           1
                         0110-016F             60
                         0190-01EF             60
        SFR0             0000-001F             20           1
        SFR1             0080-009F             20           1
        SFR2             0100-010F             10           1
        SFR3             0180-018F             10           1
        STACK            0110-016F             60           1
        STRCODE          000C-000D              2           2
                         0800-0800              1
                         10A6-127D            1D8
                         1800-1FFF            800
        STRING           000C-000D              2           2
                         0800-0800              1
                         10A6-127D            100
                         1800-1FFF            100

                                  Symbol Table

?__Umul8_16              cstackCOMMON 0070
?___awdiv                cstackCOMMON 0070
?___fladd                cstackCOMMON 0070
?___fldiv                cstackBANK0  0032
?___flmul                cstackBANK0  004C
?___flsub                cstackBANK0  0032
?___fltol                cstackCOMMON 0070
?___lwdiv                cstackCOMMON 0070
?___lwmod                cstackCOMMON 0078
?___wmul                 cstackBANK0  0020
?___xxtofl               cstackBANK0  0024
?__doprnt                cstackBANK0  0020
?_atoi                   cstackBANK0  0024
?_concat                 cstackBANK0  0035
?_printf                 cstackBANK0  002D
?_sprintf                cstackBANK0  002D
_ADCON0bits              (abs)        001F
_ADCON1bits              (abs)        009F
_ANSEL                   (abs)        0188
_ANSELH                  (abs)        0189
_ANSELHbits              (abs)        0189
_ANSELbits               (abs)        0188
_BAUDCTLbits             (abs)        0187
_Eusart                  text17       0884
_OSCCONbits              (abs)        008F
_PIE1bits                (abs)        008C
_PIR1bits                (abs)        000C
_PORTB                   (abs)        0006
_PORTCbits               (abs)        0007
_PORTD                   (abs)        0008
_RCIF                    (abs)        0065
_RCREG                   (abs)        001A
_RCSTAbits               (abs)        0018
_SPBRG                   (abs)        0099
_SPBRGH                  (abs)        009A
_SSPBUF                  (abs)        0013
_SSPCON                  (abs)        0014
_SSPSTAT                 (abs)        0094
_SSPSTATbits             (abs)        0094
_TRISB                   (abs)        0086
_TRISC3                  (abs)        043B
_TRISC5                  (abs)        043D
_TRISCbits               (abs)        0087
_TRISD                   (abs)        0088
_TXIF                    (abs)        0064
_TXREG                   (abs)        0019
_TXSTAbits               (abs)        0098
__Habs1                  abs1         0018
__Hbank0                 bank0        0018
__Hbank1                 bank1        0018
__Hbank2                 bank2        0018
__Hbank3                 bank3        0018
__HbssBANK0              bssBANK0     0018
__HbssBANK1              bssBANK1     0018
__Hcinit                 cinit        0800
__Hclrtext               clrtext      0018
__Hcode                  code         0018
__Hcommon                common       0018
__Hconfig                config       2009
__HcstackBANK0           cstackBANK0  0018
__HcstackBANK1           cstackBANK1  0018
__HcstackCOMMON          cstackCOMMON 0018
__Heeprom_data           eeprom_data  0000
__Hend_init              end_init     0003
__Hfunctab               functab      000C
__Hinit                  init         0000
__Hintentry              intentry     0000
__Hmaintext              maintext     0018
__Hpowerup               powerup      0000
__Hram                   ram          0018
__Hreset_vec             reset_vec    0000
__Hsfr0                  sfr0         0018
__Hsfr1                  sfr1         0018
__Hsfr2                  sfr2         0018
__Hsfr3                  sfr3         0018
__Hspace_0               (abs)        1800
__Hspace_1               (abs)        00D6
__Hspace_2               (abs)        0000
__Hspace_3               (abs)        0000
__Hspace_4               (abs)        4010
__Hstack                 stack        0000
__Hstrings               strings      0018
__Htext                  text         0018
__Labs1                  abs1         0018
__Lbank0                 bank0        0018
__Lbank1                 bank1        0018
__Lbank2                 bank2        0018
__Lbank3                 bank3        0018
__LbssBANK0              bssBANK0     0018
__LbssBANK1              bssBANK1     0018
__Lcinit                 cinit        07EF
__Lclrtext               clrtext      0018
__Lcode                  code         0018
__Lcommon                common       0018
__Lconfig                config       0000
__LcstackBANK0           cstackBANK0  0018
__LcstackBANK1           cstackBANK1  0018
__LcstackCOMMON          cstackCOMMON 0018
__Leeprom_data           eeprom_data  0000
__Lend_init              end_init     0000
__Lfunctab               functab      0003
__Linit                  init         0000
__Lintentry              intentry     0000
__Lmaintext              maintext     0018
__Lpowerup               powerup      0000
__Lram                   ram          0018
__Lreset_vec             reset_vec    0000
__Lsfr0                  sfr0         0018
__Lsfr1                  sfr1         0018
__Lsfr2                  sfr2         0018
__Lsfr3                  sfr3         0018
__Lspace_0               (abs)        0000
__Lspace_1               (abs)        0000
__Lspace_2               (abs)        0000
__Lspace_3               (abs)        0000
__Lspace_4               (abs)        0000
__Lstack                 stack        0000
__Lstrings               strings      0018
__Ltext                  text         0018
__S0                     (abs)        1800
__S1                     (abs)        00D6
__S2                     (abs)        0000
__S3                     (abs)        0000
__Umul8_16               text10       1343
__Umul8_16@multiplicand  cstackCOMMON 0070
__Umul8_16@multiplier    cstackCOMMON 0078
__Umul8_16@product       cstackCOMMON 0074
__Umul8_16@word_mpld     cstackCOMMON 0076
___awdiv                 text13       14D4
___awdiv@counter         cstackCOMMON 0075
___awdiv@dividend        cstackCOMMON 0072
___awdiv@divisor         cstackCOMMON 0070
___awdiv@quotient        cstackCOMMON 0077
___awdiv@sign            cstackCOMMON 0076
___fladd                 text8        0D68
___fladd@a               cstackCOMMON 0074
___fladd@aexp            cstackCOMMON 0079
___fladd@b               cstackCOMMON 0070
___fladd@bexp            cstackCOMMON 007A
___fladd@grs             cstackCOMMON 007B
___fladd@signs           cstackCOMMON 0078
___fldiv                 text12       0B8B
___fldiv@a               cstackBANK0  0032
___fldiv@aexp            cstackBANK0  004B
___fldiv@b               cstackBANK0  0036
___fldiv@bexp            cstackBANK0  004A
___fldiv@grs             cstackBANK0  0046
___fldiv@new_exp         cstackBANK0  0044
___fldiv@rem             cstackBANK0  003F
___fldiv@sign            cstackBANK0  0043
___flge                  text11       153B
___flge@ff1              cstackCOMMON 0070
___flge@ff2              cstackCOMMON 0074
___flmul                 text9        009A
___flmul@a               cstackBANK0  0050
___flmul@aexp            cstackBANK0  005E
___flmul@b               cstackBANK0  004C
___flmul@bexp            cstackBANK0  005F
___flmul@grs             cstackBANK0  005A
___flmul@prod            cstackBANK0  0060
___flmul@sign            cstackBANK0  0059
___flmul@temp            cstackBANK0  0064
___flsub                 text7        12F8
___flsub@a               cstackBANK0  0032
___flsub@b               cstackBANK0  0036
___fltol                 text6        080A
___fltol@exp1            cstackCOMMON 007A
___fltol@f1              cstackCOMMON 0070
___fltol@sign1           cstackCOMMON 0079
___int_sp                stack        0000
___latbits               (abs)        0002
___lwdiv                 text25       143B
___lwdiv@counter         cstackCOMMON 0077
___lwdiv@dividend        cstackCOMMON 0072
___lwdiv@divisor         cstackCOMMON 0070
___lwdiv@quotient        cstackCOMMON 0075
___lwmod                 text24       13C4
___lwmod@counter         cstackCOMMON 007D
___lwmod@dividend        cstackCOMMON 007A
___lwmod@divisor         cstackCOMMON 0078
___sp                    stack        0000
___stackhi               (abs)        0000
___stacklo               (abs)        0000
___wmul                  text28       131C
___wmul@multiplicand     cstackBANK0  0022
___wmul@multiplier       cstackBANK0  0020
___wmul@product          cstackCOMMON 007B
___xxtofl                text5        15DD
___xxtofl@arg            cstackBANK0  002E
___xxtofl@exp            cstackBANK0  002D
___xxtofl@sign           cstackBANK0  002C
___xxtofl@val            cstackBANK0  0024
__doprnt                 text22       1699
__doprnt@ap              cstackBANK0  0022
__doprnt@c               cstackBANK0  002B
__doprnt@f               cstackBANK0  0020
__doprnt@flag            cstackBANK0  0027
__doprnt@pb              cstackBANK0  002C
__doprnt@prec            cstackBANK0  0028
__doprnt@val             cstackBANK0  0029
__end_of_Eusart          text17       09F9
__end_of__Umul8_16       text10       136A
__end_of___awdiv         text13       153B
__end_of___fladd         text8        1000
__end_of___fldiv         text12       0D68
__end_of___flge          text11       15DD
__end_of___flmul         text9        03FB
__end_of___flsub         text7        131C
__end_of___fltol         text6        0884
__end_of___lwdiv         text25       147F
__end_of___lwmod         text24       13FE
__end_of___wmul          text28       1343
__end_of___xxtofl        text5        1699
__end_of__doprnt         text22       1800
__end_of__fptable        functab      000C
__end_of__initialization cinit        07FC
__end_of__stringtab      strings      1010
__end_of_atoi            text26       009A
__end_of_concat          text19       143B
__end_of_config          text14       13C4
__end_of_config_osc      text16       14D4
__end_of_convert         text4        07EF
__end_of_dpowers         strings      101A
__end_of_isdigit         text27       12A5
__end_of_main            maintext     0B8B
__end_of_printf          text18       12D5
__end_of_putch           text23       080A
__end_of_spiInit         text15       12BB
__end_of_spiRead         text2        0017
__end_of_spiReceiveWait  text3        128B
__end_of_spiWrite        text1        1284
__end_of_sprintf         text21       12F8
__end_of_strcat          text20       1393
__fptable                functab      0003
__initialization         cinit        07EF
__pbssBANK0              bssBANK0     006E
__pbssBANK1              bssBANK1     00A0
__pcstackBANK0           cstackBANK0  0020
__pcstackBANK1           cstackBANK1  00C3
__pcstackCOMMON          cstackCOMMON 0070
__pfunctab               functab      0003
__pmaintext              maintext     09F9
__pstrings               strings      1000
__ptext1                 text1        127E
__ptext10                text10       1343
__ptext11                text11       153B
__ptext12                text12       0B8B
__ptext13                text13       14D4
__ptext14                text14       1393
__ptext15                text15       12A5
__ptext16                text16       147F
__ptext17                text17       0884
__ptext18                text18       12BB
__ptext19                text19       13FE
__ptext2                 text2        000E
__ptext20                text20       136A
__ptext21                text21       12D5
__ptext22                text22       1699
__ptext23                text23       0801
__ptext24                text24       13C4
__ptext25                text25       143B
__ptext26                text26       0017
__ptext27                text27       1293
__ptext28                text28       131C
__ptext3                 text3        1284
__ptext4                 text4        03FB
__ptext5                 text5        15DD
__ptext6                 text6        080A
__ptext7                 text7        12F8
__ptext8                 text8        0D68
__ptext9                 text9        009A
__size_of_Eusart         (abs)        0000
__size_of__Umul8_16      (abs)        0000
__size_of___awdiv        (abs)        0000
__size_of___fladd        (abs)        0000
__size_of___fldiv        (abs)        0000
__size_of___flge         (abs)        0000
__size_of___flmul        (abs)        0000
__size_of___flsub        (abs)        0000
__size_of___fltol        (abs)        0000
__size_of___lwdiv        (abs)        0000
__size_of___lwmod        (abs)        0000
__size_of___wmul         (abs)        0000
__size_of___xxtofl       (abs)        0000
__size_of__doprnt        (abs)        0000
__size_of__fptable       (abs)        0000
__size_of_atoi           (abs)        0000
__size_of_concat         (abs)        0000
__size_of_config         (abs)        0000
__size_of_config_osc     (abs)        0000
__size_of_convert        (abs)        0000
__size_of_isdigit        (abs)        0000
__size_of_main           (abs)        0000
__size_of_printf         (abs)        0000
__size_of_putch          (abs)        0000
__size_of_spiInit        (abs)        0000
__size_of_spiRead        (abs)        0000
__size_of_spiReceiveWait (abs)        0000
__size_of_spiWrite       (abs)        0000
__size_of_sprintf        (abs)        0000
__size_of_strcat         (abs)        0000
__stringbase             strings      100F
__stringtab              strings      1000
_adc0                    bssBANK1     00B9
_adc1                    bssBANK1     00AF
_atoi                    text26       0017
_cen                     bssBANK0     006E
_con                     bssBANK1     00AA
_concat                  text19       13FE
_config                  text14       1393
_config_osc              text16       147F
_conv0                   bssBANK1     00A4
_conv1                   bssBANK1     00A0
_convert                 text4        03FB
_dec                     bssBANK1     00AD
_dpowers                 strings      1010
_full                    bssBANK1     00A8
_isdigit                 text27       1293
_isdigit$1239            cstackCOMMON 0070
_main                    maintext     09F9
_printf                  text18       12BB
_putch                   text23       0801
_spiInit                 text15       12A5
_spiRead                 text2        000E
_spiReceiveWait          text3        1284
_spiWrite                text1        127E
_sprintf                 text21       12D5
_strcat                  text20       136A
_uni                     bssBANK1     00AC
_var_adc0                bssBANK0     006F
_var_adc1                bssBANK1     00AE
atoi@a                   cstackBANK0  0029
atoi@s                   cstackBANK0  002B
atoi@sign                cstackBANK0  0028
btemp                    (abs)        007E
clear_ram0               clrtext      128B
concat@a                 cstackBANK0  0035
concat@b                 cstackBANK0  0037
concat@c                 cstackBANK0  0062
concat@s1                cstackBANK0  004E
concat@s2                cstackBANK0  003A
config_osc@frec          cstackCOMMON 0072
convert@a                cstackBANK0  0066
convert@data             cstackBANK1  00C7
convert@digits           cstackBANK1  00CE
convert@i                cstackBANK1  00CC
convert@j                cstackBANK1  00C5
convert@mu               cstackBANK1  00D0
convert@place            cstackBANK0  006A
convert@temp             cstackBANK1  00C3
convert@x                cstackBANK1  00C8
end_of_initialization    cinit        07FC
fpbase                   functab      0008
fptable                  functab      0003
fptotal                  (abs)        0002
intlevel0                functab      0003
intlevel1                functab      0003
intlevel2                functab      0003
intlevel3                functab      0003
intlevel4                functab      0003
intlevel5                functab      0003
isdigit@c                cstackCOMMON 0071
printf@ap                cstackBANK0  0032
printf@f                 cstackBANK0  002D
printf@pb                cstackBANK0  0033
putch@data               cstackCOMMON 0070
reset_vec                reset_vec    0000
spiInit@sClockIdle       cstackCOMMON 0071
spiInit@sDataSample      cstackCOMMON 0070
spiInit@sTransmitEdge    cstackCOMMON 0072
spiInit@sType            cstackCOMMON 0073
spiWrite@dat             cstackCOMMON 0070
sprintf@ap               cstackBANK0  0031
sprintf@f                cstackBANK0  002D
sprintf@pb               cstackBANK0  0033
sprintf@wh               cstackBANK0  0032
start                    init         0000
start_initialization     cinit        07EF
strcat@cp                cstackCOMMON 0073
strcat@from              cstackCOMMON 0070
strcat@to                cstackCOMMON 0072
wtemp0                   (abs)        007E


MODULE INFORMATION

Module		Function		Class		Link	Load	Size
C:\Program Files\Microchip\xc8\v2.32\pic\sources\c90\common\isdigit.c
		_isdigit       		CODE           	1293	0000	18

C:\Program Files\Microchip\xc8\v2.32\pic\sources\c90\common\isdigit.c estimated size: 18

C:\Program Files\Microchip\xc8\v2.32\pic\sources\c90\common\sprcadd.c
		___flsub       		CODE           	12F8	0000	36
		___fladd       		CODE           	0D68	0000	664

C:\Program Files\Microchip\xc8\v2.32\pic\sources\c90\common\sprcadd.c estimated size: 700

C:\Program Files\Microchip\xc8\v2.32\pic\sources\c90\common\flge.c
		___flge        		CODE           	153B	0000	162

C:\Program Files\Microchip\xc8\v2.32\pic\sources\c90\common\flge.c estimated size: 162

C:\Program Files\Microchip\xc8\v2.32\pic\sources\c90\common\strcat.c
		_strcat        		CODE           	136A	0000	41

C:\Program Files\Microchip\xc8\v2.32\pic\sources\c90\common\strcat.c estimated size: 41

Maestro.c
		_Eusart        		CODE           	0884	0000	373
		_putch         		CODE           	0801	0000	9
		_main          		CODE           	09F9	0000	402
		_concat        		CODE           	13FE	0000	61
		_config        		CODE           	1393	0000	49

Maestro.c estimated size: 894

C:\Program Files\Microchip\xc8\v2.32\pic\sources\c90\common\xxtofl.c
		___xxtofl      		CODE           	15DD	0000	188

C:\Program Files\Microchip\xc8\v2.32\pic\sources\c90\common\xxtofl.c estimated size: 188

C:\Program Files\Microchip\xc8\v2.32\pic\sources\c90\common\printf.c
		_printf        		CODE           	12BB	0000	26

C:\Program Files\Microchip\xc8\v2.32\pic\sources\c90\common\printf.c estimated size: 26

C:\Program Files\Microchip\xc8\v2.32\pic\sources\c90\common\sprintf.c
		_sprintf       		CODE           	12D5	0000	35

C:\Program Files\Microchip\xc8\v2.32\pic\sources\c90\common\sprintf.c estimated size: 35

ADCL3.c
		_convert       		CODE           	03FB	0000	1012

ADCL3.c estimated size: 1012

C:\Program Files\Microchip\xc8\v2.32\pic\sources\c90\common\Umul8_16.c
		__Umul8_16     		CODE           	1343	0000	39

C:\Program Files\Microchip\xc8\v2.32\pic\sources\c90\common\Umul8_16.c estimated size: 39

C:\Program Files\Microchip\xc8\v2.32\pic\sources\c90\common\lwmod.c
		___lwmod       		CODE           	13C4	0000	58

C:\Program Files\Microchip\xc8\v2.32\pic\sources\c90\common\lwmod.c estimated size: 58

C:\Program Files\Microchip\xc8\v2.32\pic\sources\c90\common\atoi.c
		_atoi          		CODE           	0017	0000	131

C:\Program Files\Microchip\xc8\v2.32\pic\sources\c90\common\atoi.c estimated size: 131

shared
		__stringtab    		STRING         	1000	0000	16
		_dpowers       		STRING         	1010	0000	10
		__initialization		CODE           	07EF	0000	13
		__fptable      		ENTRY          	0003	0000	9

shared estimated size: 48

LibreriasL3.c
		_spiWrite      		CODE           	127E	0000	6
		_spiInit       		CODE           	12A5	0000	22
		_spiReceiveWait		CODE           	1284	0000	7
		_spiRead       		CODE           	000E	0000	9
		_config_osc    		CODE           	147F	0000	85

LibreriasL3.c estimated size: 129

C:\Program Files\Microchip\xc8\v2.32\pic\sources\c90\common\sprcmul.c
		___flmul       		CODE           	009A	0000	865

C:\Program Files\Microchip\xc8\v2.32\pic\sources\c90\common\sprcmul.c estimated size: 865

C:\Program Files\Microchip\xc8\v2.32\pic\sources\c90\common\sprcdiv.c
		___fldiv       		CODE           	0B8B	0000	477

C:\Program Files\Microchip\xc8\v2.32\pic\sources\c90\common\sprcdiv.c estimated size: 477

C:\Program Files\Microchip\xc8\v2.32\pic\sources\c90\common\doprnt.c
		__doprnt       		CODE           	1699	0000	359

C:\Program Files\Microchip\xc8\v2.32\pic\sources\c90\common\doprnt.c estimated size: 359

C:\Program Files\Microchip\xc8\v2.32\pic\sources\c90\common\lwdiv.c
		___lwdiv       		CODE           	143B	0000	68

C:\Program Files\Microchip\xc8\v2.32\pic\sources\c90\common\lwdiv.c estimated size: 68

C:\Program Files\Microchip\xc8\v2.32\pic\sources\c90\common\awdiv.c
		___awdiv       		CODE           	14D4	0000	103

C:\Program Files\Microchip\xc8\v2.32\pic\sources\c90\common\awdiv.c estimated size: 103

C:\Program Files\Microchip\xc8\v2.32\pic\sources\c90\common\Umul16.c
		___wmul        		CODE           	131C	0000	39

C:\Program Files\Microchip\xc8\v2.32\pic\sources\c90\common\Umul16.c estimated size: 39

C:\Program Files\Microchip\xc8\v2.32\pic\sources\c90\common\fltol.c
		___fltol       		CODE           	080A	0000	122

C:\Program Files\Microchip\xc8\v2.32\pic\sources\c90\common\fltol.c estimated size: 122

