Microchip MPLAB XC8 Compiler V2.32

Linker command line:

-W-3 --edf=C:\Program Files\Microchip\xc8\v2.32\pic\dat\en_msgs.txt -cn \
  -h+dist/default/production\Lab03M.X.production.sym \
  --cmf=dist/default/production\Lab03M.X.production.cmf -z -Q16F887 \
  -oC:\Users\Admin\AppData\Local\Temp\xcAs9m8.4 --defsym=__MPLAB_BUILD=1 \
  -Mdist/default/production/Lab03M.X.production.map -E1 -ver=XC8 Compiler \
  --acfsm=1493 -ASTACK=0110h-016Fh -pstack=STACK -ACODE=00h-07FFhx4 \
  -ASTRCODE=00h-01FFFh -ASTRING=00h-0FFhx32 -ACONST=00h-0FFhx32 \
  -AENTRY=00h-0FFhx32 -ACOMMON=070h-07Fh -ABANK0=020h-06Fh \
  -ABANK1=0A0h-0EFh -ABANK2=0110h-016Fh -ABANK3=0190h-01EFh \
  -ARAM=020h-06Fh,0A0h-0EFh,0110h-016Fh,0190h-01EFh \
  -AABS1=020h-07Fh,0A0h-0EFh,0110h-016Fh,0190h-01EFh -ASFR0=00h-01Fh \
  -ASFR1=080h-09Fh -ASFR2=0100h-010Fh -ASFR3=0180h-018Fh \
  -ACONFIG=02007h-02008h -DCONFIG=2 -AIDLOC=02000h-02003h -DIDLOC=2 \
  -AEEDATA=00h-0FFh/02100h -peeprom_data=EEDATA -DEEDATA=2 -DCODE=2 \
  -DSTRCODE=2 -DSTRING=2 -DCONST=2 -DENTRY=2 \
  -preset_vec=00h,intentry,init,end_init -ppowerup=CODE -pcinit=CODE \
  -pfunctab=ENTRY -k C:\Users\Admin\AppData\Local\Temp\xcAs9m8.o \
  dist/default/production\Lab03M.X.production.o 

Object code version is 3.11

Machine type is 16F887



                Name                               Link     Load   Length Selector   Space Scale
C:\Users\Admin\AppData\Local\Temp\xcAs9m8.o
                end_init                              0        0        3        0       0
                config                             2007     2007        2        0       4
dist/default/production\Lab03M.X.production.o
                cinit                               7EC      7EC       14      FD8       0
                config                             2007     2007        2        0       4
                text11                              5BE      5BE       66      B7C       0
                text10                              624      624       6F      C48       0
                text9                               501      501        A      A02       0
                text8                               53F      53F       2A      A7E       0
                text7                               569      569       55      AD2       0
                text6                               50B      50B       16      A16       0
                text5                               521      521       1E      A42       0
                text4                               4E7      4E7        4      9CE       0
                text3                               4F1      4F1        7      9E2       0
                text2                               4F8      4F8        9      9F0       0
                text1                               4EB      4EB        6      9D6       0
                maintext                            693      693      159      D26       0
                cstackBANK0                          2E       2E        B       20       1
                cstackCOMMON                         70       70        E       70       1
                bssBANK0                             20       20        E       20       1
                strings                               3        3       16        6       0

TOTAL           Name                               Link     Load   Length     Space
        CLASS   STACK          

        CLASS   CODE           
                end_init                              0        0        3         0
                cinit                               7EC      7EC       14         0
                text11                              5BE      5BE       66         0
                text10                              624      624       6F         0
                text9                               501      501        A         0
                text8                               53F      53F       2A         0
                text7                               569      569       55         0
                text6                               50B      50B       16         0
                text5                               521      521       1E         0
                text4                               4E7      4E7        4         0
                text3                               4F1      4F1        7         0
                text2                               4F8      4F8        9         0
                text1                               4EB      4EB        6         0
                maintext                            693      693      159         0

        CLASS   STRCODE        

        CLASS   STRING         
                strings                               3        3       16         0

        CLASS   CONST          

        CLASS   ENTRY          

        CLASS   COMMON         
                cstackCOMMON                         70       70        E         1

        CLASS   BANK0          
                cstackBANK0                          2E       2E        B         1
                bssBANK0                             20       20        E         1

        CLASS   BANK1          

        CLASS   BANK2          

        CLASS   BANK3          

        CLASS   RAM            

        CLASS   ABS1           
                abs_s1                               7E       7E        2         1

        CLASS   SFR0           

        CLASS   SFR1           

        CLASS   SFR2           

        CLASS   SFR3           

        CLASS   CONFIG         
                config                             2007     2007        2         4

        CLASS   IDLOC          

        CLASS   EEDATA         



SEGMENTS        Name                           Load    Length   Top    Selector   Space  Class     Delta

                reset_vec                      000000  000003  000003         0       0  CODE        2
                strings                        000003  000016  000019         6       0  STRING      2
                bssBANK0                       000020  000019  000039        20       1  BANK0       1
                cstackCOMMON                   000070  00000E  00007E        70       1  COMMON      1
                text4                          0004E7  000004  0004EB       9CE       0  CODE        2
                text1                          0004EB  000006  0004F1       9D6       0  CODE        2
                text3                          0004F1  000007  0004F8       9E2       0  CODE        2
                text2                          0004F8  000009  000501       9F0       0  CODE        2
                text9                          000501  00000A  00050B       A02       0  CODE        2
                text6                          00050B  000016  000521       A16       0  CODE        2
                text5                          000521  00001E  00053F       A42       0  CODE        2
                text8                          00053F  00002A  000569       A7E       0  CODE        2
                text7                          000569  000055  0005BE       AD2       0  CODE        2
                text11                         0005BE  000066  000624       B7C       0  CODE        2
                text10                         000624  00006F  000693       C48       0  CODE        2
                maintext                       000693  000159  0007EC       D26       0  CODE        2
                cinit                          0007EC  000014  000800       FD8       0  CODE        2


UNUSED ADDRESS RANGES

        Name                Unused          Largest block    Delta
        BANK0            0039-006F             37           1
        BANK1            00A0-00EF             50           1
        BANK2            0110-016F             60           1
        BANK3            0190-01EF             60           1
        CODE             0019-04E6            4CE           2
                         0800-1FFF            800
        CONST            0019-04E6            100           2
                         0800-1FFF            100
        EEDATA           2100-21FF            100           2
        ENTRY            0019-04E6            100           2
                         0800-1FFF            100
        IDLOC            2000-2003              4           2
        RAM              0039-006F             37           1
                         00A0-00EF             50
                         0110-016F             60
                         0190-01EF             60
        SFR0             0000-001F             20           1
        SFR1             0080-009F             20           1
        SFR2             0100-010F             10           1
        SFR3             0180-018F             10           1
        STACK            0110-016F             60           1
        STRCODE          0019-04E6            4CE           2
                         0800-1FFF           1800
        STRING           0019-04E6            100           2
                         0800-1FFF            100

                                  Symbol Table

?___lldiv                 cstackCOMMON 0070
UARTInit@BRGH             cstackBANK0  0032
UARTInit@baud_rate        cstackBANK0  002E
UARTSendChar@c            cstackCOMMON 0070
UARTSendString@i          cstackCOMMON 0073
UARTSendString@max_length cstackCOMMON 0071
UARTSendString@str        cstackCOMMON 0075
_ADCON0bits               (abs)        001F
_ADCON1bits               (abs)        009F
_ANSEL                    (abs)        0188
_ANSELH                   (abs)        0189
_ANSELHbits               (abs)        0189
_ANSELbits                (abs)        0188
_OSCCONbits               (abs)        008F
_PIE1bits                 (abs)        008C
_PIR1bits                 (abs)        000C
_PORTB                    (abs)        0006
_PORTCbits                (abs)        0007
_RCREG                    (abs)        001A
_RCSTAbits                (abs)        0018
_SPBRG                    (abs)        0099
_SSPBUF                   (abs)        0013
_SSPCON                   (abs)        0014
_SSPSTAT                  (abs)        0094
_SSPSTATbits              (abs)        0094
_TRISB                    (abs)        0086
_TRISC2                   (abs)        043A
_TRISC3                   (abs)        043B
_TRISC5                   (abs)        043D
_TRISCbits                (abs)        0087
_TXIF                     (abs)        0064
_TXREG                    (abs)        0019
_TXSTAbits                (abs)        0098
_UARTInit                 text10       0624
_UARTSendChar             text9        0501
_UARTSendString           text8        053F
__Habs1                   abs1         0000
__Hbank0                  bank0        0000
__Hbank1                  bank1        0000
__Hbank2                  bank2        0000
__Hbank3                  bank3        0000
__HbssBANK0               bssBANK0     0000
__Hcinit                  cinit        0800
__Hclrtext                clrtext      0000
__Hcode                   code         0000
__Hcommon                 common       0000
__Hconfig                 config       2009
__HcstackBANK0            cstackBANK0  0000
__HcstackCOMMON           cstackCOMMON 0000
__Heeprom_data            eeprom_data  0000
__Hend_init               end_init     0003
__Hfunctab                functab      0000
__Hinit                   init         0000
__Hintentry               intentry     0000
__Hmaintext               maintext     0000
__Hpowerup                powerup      0000
__Hram                    ram          0000
__Hreset_vec              reset_vec    0000
__Hsfr0                   sfr0         0000
__Hsfr1                   sfr1         0000
__Hsfr2                   sfr2         0000
__Hsfr3                   sfr3         0000
__Hspace_0                (abs)        0800
__Hspace_1                (abs)        007E
__Hspace_2                (abs)        0000
__Hspace_3                (abs)        0000
__Hspace_4                (abs)        4010
__Hstack                  stack        0000
__Hstrings                strings      0000
__Htext                   text         0000
__Labs1                   abs1         0000
__Lbank0                  bank0        0000
__Lbank1                  bank1        0000
__Lbank2                  bank2        0000
__Lbank3                  bank3        0000
__LbssBANK0               bssBANK0     0000
__Lcinit                  cinit        07EC
__Lclrtext                clrtext      0000
__Lcode                   code         0000
__Lcommon                 common       0000
__Lconfig                 config       0000
__LcstackBANK0            cstackBANK0  0000
__LcstackCOMMON           cstackCOMMON 0000
__Leeprom_data            eeprom_data  0000
__Lend_init               end_init     0000
__Lfunctab                functab      0000
__Linit                   init         0000
__Lintentry               intentry     0000
__Lmaintext               maintext     0000
__Lpowerup                powerup      0000
__Lram                    ram          0000
__Lreset_vec              reset_vec    0000
__Lsfr0                   sfr0         0000
__Lsfr1                   sfr1         0000
__Lsfr2                   sfr2         0000
__Lsfr3                   sfr3         0000
__Lspace_0                (abs)        0000
__Lspace_1                (abs)        0000
__Lspace_2                (abs)        0000
__Lspace_3                (abs)        0000
__Lspace_4                (abs)        0000
__Lstack                  stack        0000
__Lstrings                strings      0000
__Ltext                   text         0000
__S0                      (abs)        0800
__S1                      (abs)        007E
__S2                      (abs)        0000
__S3                      (abs)        0000
___int_sp                 stack        0000
___latbits                (abs)        0002
___lldiv                  text11       05BE
___lldiv@counter          cstackCOMMON 007D
___lldiv@dividend         cstackCOMMON 0074
___lldiv@divisor          cstackCOMMON 0070
___lldiv@quotient         cstackCOMMON 0079
___sp                     stack        0000
___stackhi                (abs)        0000
___stacklo                (abs)        0000
__end_of_UARTInit         text10       0693
__end_of_UARTSendChar     text9        050B
__end_of_UARTSendString   text8        0569
__end_of___lldiv          text11       0624
__end_of__initialization  cinit        07FC
__end_of__stringtab       strings      0009
__end_of_config           text5        053F
__end_of_config_osc       text7        05BE
__end_of_main             maintext     07EC
__end_of_spiDataReady     text4        04EB
__end_of_spiInit          text6        0521
__end_of_spiRead          text2        0501
__end_of_spiReceiveWait   text3        04F8
__end_of_spiWrite         text1        04F1
__initialization          cinit        07EC
__pbssBANK0               bssBANK0     0020
__pcstackBANK0            cstackBANK0  002E
__pcstackCOMMON           cstackCOMMON 0070
__pmaintext               maintext     0693
__pstrings                strings      0003
__ptext1                  text1        04EB
__ptext10                 text10       0624
__ptext11                 text11       05BE
__ptext2                  text2        04F8
__ptext3                  text3        04F1
__ptext4                  text4        04E7
__ptext5                  text5        0521
__ptext6                  text6        050B
__ptext7                  text7        0569
__ptext8                  text8        053F
__ptext9                  text9        0501
__size_of_UARTInit        (abs)        0000
__size_of_UARTSendChar    (abs)        0000
__size_of_UARTSendString  (abs)        0000
__size_of___lldiv         (abs)        0000
__size_of_config          (abs)        0000
__size_of_config_osc      (abs)        0000
__size_of_main            (abs)        0000
__size_of_spiDataReady    (abs)        0000
__size_of_spiInit         (abs)        0000
__size_of_spiRead         (abs)        0000
__size_of_spiReceiveWait  (abs)        0000
__size_of_spiWrite        (abs)        0000
__stringbase              strings      0008
__stringtab               strings      0003
_adc0                     bssBANK0     002A
_adc1                     bssBANK0     0029
_config                   text5        0521
_config_osc               text7        0569
_contador                 bssBANK0     0028
_main                     maintext     0693
_spiDataReady             text4        04E7
_spiInit                  text6        050B
_spiRead                  text2        04F8
_spiReceiveWait           text3        04F1
_spiWrite                 text1        04EB
_var_adc0                 bssBANK0     002C
_var_adc1                 bssBANK0     002B
btemp                     (abs)        007E
config_osc@frec           cstackCOMMON 0072
end_of_initialization     cinit        07FC
intlevel0                 functab      0000
intlevel1                 functab      0000
intlevel2                 functab      0000
intlevel3                 functab      0000
intlevel4                 functab      0000
intlevel5                 functab      0000
reset_vec                 reset_vec    0000
spiInit@sClockIdle        cstackCOMMON 0071
spiInit@sDataSample       cstackCOMMON 0070
spiInit@sTransmitEdge     cstackCOMMON 0072
spiInit@sType             cstackCOMMON 0073
spiWrite@dat              cstackCOMMON 0070
start                     init         0000
start_initialization      cinit        07EC
wtemp0                    (abs)        007E


MODULE INFORMATION

Module		Function		Class		Link	Load	Size
Maestro.c
		_main          		CODE           	0693	0000	345
		_config        		CODE           	0521	0000	30

Maestro.c estimated size: 375

USARTL3.c
		_UARTSendString		CODE           	053F	0000	42
		_UARTInit      		CODE           	0624	0000	111
		_UARTSendChar  		CODE           	0501	0000	10

USARTL3.c estimated size: 163

shared
		__stringtab    		STRING         	0003	0000	6
		__initialization		CODE           	07EC	0000	16

shared estimated size: 22

LibreriasL3.c
		_spiWrite      		CODE           	04EB	0000	6
		_spiInit       		CODE           	050B	0000	22
		_spiDataReady  		CODE           	04E7	0000	4
		_spiReceiveWait		CODE           	04F1	0000	7
		_spiRead       		CODE           	04F8	0000	9
		_config_osc    		CODE           	0569	0000	85

LibreriasL3.c estimated size: 133

C:\Program Files\Microchip\xc8\v2.32\pic\sources\c90\common\__lldiv.c
		___lldiv       		CODE           	05BE	0000	102

C:\Program Files\Microchip\xc8\v2.32\pic\sources\c90\common\__lldiv.c estimated size: 102

