Microchip MPLAB XC8 Compiler V2.32

Linker command line:

-W-3 --edf=C:\Program Files\Microchip\xc8\v2.32\pic\dat\en_msgs.txt -cn \
  -h+dist/default/production\Digital2Lab.production.sym \
  --cmf=dist/default/production\Digital2Lab.production.cmf -z -Q16F887 \
  -oC:\Users\Admin\AppData\Local\Temp\xcAs5jc.4 --defsym=__MPLAB_BUILD=1 \
  -Mdist/default/production/Digital2Lab.production.map -E1 \
  -ver=XC8 Compiler --acfsm=1493 -ASTACK=0110h-016Fh -pstack=STACK \
  -ACODE=00h-07FFhx4 -ASTRCODE=00h-01FFFh -ASTRING=00h-0FFhx32 \
  -ACONST=00h-0FFhx32 -AENTRY=00h-0FFhx32 -ACOMMON=070h-07Fh \
  -ABANK0=020h-06Fh -ABANK1=0A0h-0EFh -ABANK2=0110h-016Fh \
  -ABANK3=0190h-01EFh -ARAM=020h-06Fh,0A0h-0EFh,0110h-016Fh,0190h-01EFh \
  -AABS1=020h-07Fh,0A0h-0EFh,0110h-016Fh,0190h-01EFh -ASFR0=00h-01Fh \
  -ASFR1=080h-09Fh -ASFR2=0100h-010Fh -ASFR3=0180h-018Fh \
  -ACONFIG=02007h-02008h -DCONFIG=2 -AIDLOC=02000h-02003h -DIDLOC=2 \
  -AEEDATA=00h-0FFh/02100h -peeprom_data=EEDATA -DEEDATA=2 -DCODE=2 \
  -DSTRCODE=2 -DSTRING=2 -DCONST=2 -DENTRY=2 \
  -preset_vec=00h,intentry,init,end_init -ppowerup=CODE -pcinit=CODE \
  -pfunctab=ENTRY -k C:\Users\Admin\AppData\Local\Temp\xcAs5jc.o \
  dist/default/production\Digital2Lab.production.o 

Object code version is 3.11

Machine type is 16F887



                Name                               Link     Load   Length Selector   Space Scale
C:\Users\Admin\AppData\Local\Temp\xcAs5jc.o
                end_init                              0        0        3        0       0
                config                             2007     2007        2        0       4
dist/default/production\Digital2Lab.production.o
                cinit                               7F3      7F3        D      FE6       0
                config                             2007     2007        2        0       4
                text26                             159F     159F        D     2B3E       0
                text25                             168B     168B       2E     2D16       0
                text24                             1583     1583        9     2B06       0
                text23                             158C     158C        9     2B18       0
                text22                             1595     1595        A     2B2A       0
                text21                             1575     1575        6     2AEA       0
                text20                              802      802       1A     1004       0
                text19                             15AC     15AC        D     2B58       0
                text18                              81C      81C       45     1038       0
                text17                             15CF     15CF       24     2B9E       0
                text16                             15B9     15B9       16     2B72       0
                text15                             16F1     16F1       42     2DE2       0
                text14                             1799     1799       67     2F32       0
                text13                              B8B      B8B      1DD     1716       0
                text12                              861      861       A2     10C2       0
                text11                             163D     163D       27     2C7A       0
                text10                               9E       9E      361      13C       0
                text9                               D68      D68      298     1AD0       0
                text8                              15F3     15F3       24     2BE6       0
                text7                                24       24       7A       48       0
                text6                              1664     1664       27     2CC8       0
                text5                               903      903       BC     1206       0
                text4                               3FF      3FF      3F4      7FE       0
                text3                              1733     1733       66     2E66       0
                text2                              16B9     16B9       38     2D72       0
                text1                              1617     1617       26     2C2E       0
                maintext                            9BF      9BF      1CC     137E       0
                cstackBANK0                          20       20       4E       20       1
                cstackCOMMON                         70       70        E       70       1
                cstackBANK1                          BE       BE       17       A0       1
                clrtext                            157B     157B        8     2AF6       0
                bssBANK1                             A0       A0       1E       A0       1
                strings                               3        3       1C        6       0

TOTAL           Name                               Link     Load   Length     Space
        CLASS   STACK          

        CLASS   CODE           
                end_init                              0        0        3         0
                cinit                               7F3      7F3        D         0
                text26                             159F     159F        D         0
                text25                             168B     168B       2E         0
                text24                             1583     1583        9         0
                text23                             158C     158C        9         0
                text22                             1595     1595        A         0
                text21                             1575     1575        6         0
                text20                              802      802       1A         0
                text19                             15AC     15AC        D         0
                text18                              81C      81C       45         0
                text17                             15CF     15CF       24         0
                text16                             15B9     15B9       16         0
                text15                             16F1     16F1       42         0
                text14                             1799     1799       67         0
                text13                              B8B      B8B      1DD         0
                text12                              861      861       A2         0
                text11                             163D     163D       27         0
                text10                               9E       9E      361         0
                text9                               D68      D68      298         0
                text8                              15F3     15F3       24         0
                text7                                24       24       7A         0
                text6                              1664     1664       27         0
                text5                               903      903       BC         0
                text4                               3FF      3FF      3F4         0
                text3                              1733     1733       66         0
                text2                              16B9     16B9       38         0
                text1                              1617     1617       26         0
                maintext                            9BF      9BF      1CC         0
                clrtext                            157B     157B        8         0

        CLASS   STRCODE        

        CLASS   STRING         
                strings                               3        3       1C         0

        CLASS   CONST          

        CLASS   ENTRY          

        CLASS   COMMON         
                cstackCOMMON                         70       70        E         1

        CLASS   BANK0          
                cstackBANK0                          20       20       4E         1

        CLASS   BANK1          
                cstackBANK1                          BE       BE       17         1
                bssBANK1                             A0       A0       1E         1

        CLASS   BANK2          

        CLASS   BANK3          

        CLASS   RAM            

        CLASS   ABS1           
                abs_s1                               7E       7E        2         1

        CLASS   SFR0           

        CLASS   SFR1           

        CLASS   SFR2           

        CLASS   SFR3           

        CLASS   CONFIG         
                config                             2007     2007        2         4

        CLASS   IDLOC          

        CLASS   EEDATA         



SEGMENTS        Name                           Load    Length   Top    Selector   Space  Class     Delta

                reset_vec                      000000  000003  000003         0       0  CODE        2
                strings                        000003  00001C  00001F         6       0  STRING      2
                cstackBANK0                    000020  00004E  00006E        20       1  BANK0       1
                text7                          000024  00007A  00009E        48       0  CODE        2
                cstackCOMMON                   000070  00000E  00007E        70       1  COMMON      1
                bssBANK1                       0000A0  000035  0000D5        A0       1  BANK1       1
                text10                         00009E  000361  0003FF       13C       0  CODE        2
                text4                          0003FF  0003F4  0007F3       7FE       0  CODE        2
                cinit                          0007F3  00000D  000800       FE6       0  CODE        2
                text20                         000802  00001A  00081C      1004       0  CODE        2
                text18                         00081C  000045  000861      1038       0  CODE        2
                text12                         000861  0000A2  000903      10C2       0  CODE        2
                text5                          000903  0000BC  0009BF      1206       0  CODE        2
                maintext                       0009BF  0001CC  000B8B      137E       0  CODE        2
                text13                         000B8B  0001DD  000D68      1716       0  CODE        2
                text9                          000D68  000298  001000      1AD0       0  CODE        2
                text21                         001575  000006  00157B      2AEA       0  CODE        2
                clrtext                        00157B  000008  001583      2AF6       0  CODE        2
                text24                         001583  000009  00158C      2B06       0  CODE        2
                text23                         00158C  000009  001595      2B18       0  CODE        2
                text22                         001595  00000A  00159F      2B2A       0  CODE        2
                text26                         00159F  00000D  0015AC      2B3E       0  CODE        2
                text19                         0015AC  00000D  0015B9      2B58       0  CODE        2
                text16                         0015B9  000016  0015CF      2B72       0  CODE        2
                text17                         0015CF  000024  0015F3      2B9E       0  CODE        2
                text8                          0015F3  000024  001617      2BE6       0  CODE        2
                text1                          001617  000026  00163D      2C2E       0  CODE        2
                text11                         00163D  000027  001664      2C7A       0  CODE        2
                text6                          001664  000027  00168B      2CC8       0  CODE        2
                text25                         00168B  00002E  0016B9      2D16       0  CODE        2
                text2                          0016B9  000038  0016F1      2D72       0  CODE        2
                text15                         0016F1  000042  001733      2DE2       0  CODE        2
                text3                          001733  000066  001799      2E66       0  CODE        2
                text14                         001799  000067  001800      2F32       0  CODE        2


UNUSED ADDRESS RANGES

        Name                Unused          Largest block    Delta
        BANK0            006E-006F              2           1
        BANK1            00D5-00EF             1B           1
        BANK2            0110-016F             60           1
        BANK3            0190-01EF             60           1
        CODE             001F-0023              5           2
                         0800-0801              2
                         1000-1574            575
                         1800-1FFF            800
        CONST            001F-0023              5           2
                         0800-0801              2
                         1000-1574            100
                         1800-1FFF            100
        EEDATA           2100-21FF            100           2
        ENTRY            001F-0023              5           2
                         0800-0801              2
                         1000-1574            100
                         1800-1FFF            100
        IDLOC            2000-2003              4           2
        RAM              006E-006F              2           1
                         00D5-00EF             1B
                         0110-016F             60
                         0190-01EF             60
        SFR0             0000-001F             20           1
        SFR1             0080-009F             20           1
        SFR2             0100-010F             10           1
        SFR3             0180-018F             10           1
        STACK            0110-016F             60           1
        STRCODE          001F-0023              5           2
                         0800-0801              2
                         1000-1574            575
                         1800-1FFF            800
        STRING           001F-0023              5           2
                         0800-0801              2
                         1000-1574            100
                         1800-1FFF            100

                                  Symbol Table

?_I2C_Master_Read          cstackCOMMON 0070
?__Umul8_16                cstackCOMMON 0070
?___awdiv                  cstackCOMMON 0070
?___fladd                  cstackCOMMON 0070
?___fldiv                  cstackBANK0  0032
?___flmul                  cstackBANK0  004C
?___flsub                  cstackBANK0  0032
?___fltol                  cstackCOMMON 0070
?___lldiv                  cstackCOMMON 0070
?___wmul                   cstackBANK0  0020
?___xxtofl                 cstackBANK0  0024
I2C_Master_Init@c          cstackBANK0  0020
I2C_Master_Read@a          cstackCOMMON 0070
I2C_Master_Read@temp       cstackCOMMON 0074
I2C_Master_Write@d         cstackCOMMON 0070
Lcd_Cmd@a                  cstackCOMMON 0073
Lcd_Port@a                 cstackCOMMON 0070
Lcd_Set_Cursor@a           cstackCOMMON 0076
Lcd_Set_Cursor@b           cstackCOMMON 0074
Lcd_Set_Cursor@temp        cstackCOMMON 0077
Lcd_Write_Char@a           cstackCOMMON 0072
Lcd_Write_String@a         cstackCOMMON 0073
Lcd_Write_String@i         cstackCOMMON 0078
_ADCON0bits                (abs)        001F
_ADCON1bits                (abs)        009F
_ANSEL                     (abs)        0188
_ANSELH                    (abs)        0189
_ANSELHbits                (abs)        0189
_ANSELbits                 (abs)        0188
_GIE                       (abs)        005F
_I2C_Master_Init           text2        16B9
_I2C_Master_Read           text25       168B
_I2C_Master_Start          text24       1583
_I2C_Master_Stop           text23       158C
_I2C_Master_Wait           text26       159F
_I2C_Master_Write          text22       1595
_Lcd_Clear                 text19       15AC
_Lcd_Cmd                   text20       0802
_Lcd_Init                  text18       081C
_Lcd_Port                  text21       1575
_Lcd_Set_Cursor            text17       15CF
_Lcd_Write_Char            text16       15B9
_Lcd_Write_String          text15       16F1
_OSCCONbits                (abs)        008F
_PEIE                      (abs)        005E
_PIE1bits                  (abs)        008C
_PIR1bits                  (abs)        000C
_PORTA                     (abs)        0005
_PORTB                     (abs)        0006
_PORTD                     (abs)        0008
_PORTE                     (abs)        0009
_PORTEbits                 (abs)        0009
_SSPADD                    (abs)        0093
_SSPBUF                    (abs)        0013
_SSPCON                    (abs)        0014
_SSPCON2                   (abs)        0091
_SSPCON2bits               (abs)        0091
_SSPIE                     (abs)        0463
_SSPIF                     (abs)        0063
_SSPSTAT                   (abs)        0094
_SSPSTATbits               (abs)        0094
_TRISA                     (abs)        0085
_TRISB                     (abs)        0086
_TRISC3                    (abs)        043B
_TRISC4                    (abs)        043C
_TRISC5                    (abs)        043D
_TRISCbits                 (abs)        0087
_TRISD                     (abs)        0088
_TRISE                     (abs)        0089
__Habs1                    abs1         0000
__Hbank0                   bank0        0000
__Hbank1                   bank1        0000
__Hbank2                   bank2        0000
__Hbank3                   bank3        0000
__HbssBANK1                bssBANK1     0000
__Hcinit                   cinit        0800
__Hclrtext                 clrtext      0000
__Hcode                    code         0000
__Hcommon                  common       0000
__Hconfig                  config       2009
__HcstackBANK0             cstackBANK0  0000
__HcstackBANK1             cstackBANK1  0000
__HcstackCOMMON            cstackCOMMON 0000
__Heeprom_data             eeprom_data  0000
__Hend_init                end_init     0003
__Hfunctab                 functab      0000
__Hinit                    init         0000
__Hintentry                intentry     0000
__Hmaintext                maintext     0000
__Hpowerup                 powerup      0000
__Hram                     ram          0000
__Hreset_vec               reset_vec    0000
__Hsfr0                    sfr0         0000
__Hsfr1                    sfr1         0000
__Hsfr2                    sfr2         0000
__Hsfr3                    sfr3         0000
__Hspace_0                 (abs)        1800
__Hspace_1                 (abs)        00D5
__Hspace_2                 (abs)        0000
__Hspace_3                 (abs)        0000
__Hspace_4                 (abs)        4010
__Hstack                   stack        0000
__Hstrings                 strings      0000
__Htext                    text         0000
__Labs1                    abs1         0000
__Lbank0                   bank0        0000
__Lbank1                   bank1        0000
__Lbank2                   bank2        0000
__Lbank3                   bank3        0000
__LbssBANK1                bssBANK1     0000
__Lcinit                   cinit        07F3
__Lclrtext                 clrtext      0000
__Lcode                    code         0000
__Lcommon                  common       0000
__Lconfig                  config       0000
__LcstackBANK0             cstackBANK0  0000
__LcstackBANK1             cstackBANK1  0000
__LcstackCOMMON            cstackCOMMON 0000
__Leeprom_data             eeprom_data  0000
__Lend_init                end_init     0000
__Lfunctab                 functab      0000
__Linit                    init         0000
__Lintentry                intentry     0000
__Lmaintext                maintext     0000
__Lpowerup                 powerup      0000
__Lram                     ram          0000
__Lreset_vec               reset_vec    0000
__Lsfr0                    sfr0         0000
__Lsfr1                    sfr1         0000
__Lsfr2                    sfr2         0000
__Lsfr3                    sfr3         0000
__Lspace_0                 (abs)        0000
__Lspace_1                 (abs)        0000
__Lspace_2                 (abs)        0000
__Lspace_3                 (abs)        0000
__Lspace_4                 (abs)        0000
__Lstack                   stack        0000
__Lstrings                 strings      0000
__Ltext                    text         0000
__S0                       (abs)        1800
__S1                       (abs)        00D5
__S2                       (abs)        0000
__S3                       (abs)        0000
__Umul8_16                 text11       163D
__Umul8_16@multiplicand    cstackCOMMON 0070
__Umul8_16@multiplier      cstackCOMMON 0078
__Umul8_16@product         cstackCOMMON 0074
__Umul8_16@word_mpld       cstackCOMMON 0076
___awdiv                   text14       1799
___awdiv@counter           cstackCOMMON 0075
___awdiv@dividend          cstackCOMMON 0072
___awdiv@divisor           cstackCOMMON 0070
___awdiv@quotient          cstackCOMMON 0077
___awdiv@sign              cstackCOMMON 0076
___fladd                   text9        0D68
___fladd@a                 cstackCOMMON 0074
___fladd@aexp              cstackCOMMON 0079
___fladd@b                 cstackCOMMON 0070
___fladd@bexp              cstackCOMMON 007A
___fladd@grs               cstackCOMMON 007B
___fladd@signs             cstackCOMMON 0078
___fldiv                   text13       0B8B
___fldiv@a                 cstackBANK0  0032
___fldiv@aexp              cstackBANK0  004B
___fldiv@b                 cstackBANK0  0036
___fldiv@bexp              cstackBANK0  004A
___fldiv@grs               cstackBANK0  0046
___fldiv@new_exp           cstackBANK0  0044
___fldiv@rem               cstackBANK0  003F
___fldiv@sign              cstackBANK0  0043
___flge                    text12       0861
___flge@ff1                cstackCOMMON 0070
___flge@ff2                cstackCOMMON 0074
___flmul                   text10       009E
___flmul@a                 cstackBANK0  0050
___flmul@aexp              cstackBANK0  005E
___flmul@b                 cstackBANK0  004C
___flmul@bexp              cstackBANK0  005F
___flmul@grs               cstackBANK0  005A
___flmul@prod              cstackBANK0  0060
___flmul@sign              cstackBANK0  0059
___flmul@temp              cstackBANK0  0064
___flsub                   text8        15F3
___flsub@a                 cstackBANK0  0032
___flsub@b                 cstackBANK0  0036
___fltol                   text7        0024
___fltol@exp1              cstackCOMMON 007A
___fltol@f1                cstackCOMMON 0070
___fltol@sign1             cstackCOMMON 0079
___int_sp                  stack        0000
___latbits                 (abs)        0002
___lldiv                   text3        1733
___lldiv@counter           cstackCOMMON 007D
___lldiv@dividend          cstackCOMMON 0074
___lldiv@divisor           cstackCOMMON 0070
___lldiv@quotient          cstackCOMMON 0079
___sp                      stack        0000
___stackhi                 (abs)        0000
___stacklo                 (abs)        0000
___wmul                    text6        1664
___wmul@multiplicand       cstackBANK0  0022
___wmul@multiplier         cstackBANK0  0020
___wmul@product            cstackCOMMON 007B
___xxtofl                  text5        0903
___xxtofl@arg              cstackBANK0  002E
___xxtofl@exp              cstackBANK0  002D
___xxtofl@sign             cstackBANK0  002C
___xxtofl@val              cstackBANK0  0024
__end_of_I2C_Master_Init   text2        16F1
__end_of_I2C_Master_Read   text25       16B9
__end_of_I2C_Master_Start  text24       158C
__end_of_I2C_Master_Stop   text23       1595
__end_of_I2C_Master_Wait   text26       15AC
__end_of_I2C_Master_Write  text22       159F
__end_of_Lcd_Clear         text19       15B9
__end_of_Lcd_Cmd           text20       081C
__end_of_Lcd_Init          text18       0861
__end_of_Lcd_Port          text21       157B
__end_of_Lcd_Set_Cursor    text17       15F3
__end_of_Lcd_Write_Char    text16       15CF
__end_of_Lcd_Write_String  text15       1733
__end_of__Umul8_16         text11       1664
__end_of___awdiv           text14       1800
__end_of___fladd           text9        1000
__end_of___fldiv           text13       0D68
__end_of___flge            text12       0903
__end_of___flmul           text10       03FF
__end_of___flsub           text8        1617
__end_of___fltol           text7        009E
__end_of___lldiv           text3        1799
__end_of___wmul            text6        168B
__end_of___xxtofl          text5        09BF
__end_of__initialization   cinit        07FC
__end_of__stringtab        strings      0013
__end_of_convert           text4        07F3
__end_of_main              maintext     0B8B
__end_of_setup             text1        163D
__initialization           cinit        07F3
__pbssBANK1                bssBANK1     00A0
__pcstackBANK0             cstackBANK0  0020
__pcstackBANK1             cstackBANK1  00BE
__pcstackCOMMON            cstackCOMMON 0070
__pmaintext                maintext     09BF
__pstrings                 strings      0003
__ptext1                   text1        1617
__ptext10                  text10       009E
__ptext11                  text11       163D
__ptext12                  text12       0861
__ptext13                  text13       0B8B
__ptext14                  text14       1799
__ptext15                  text15       16F1
__ptext16                  text16       15B9
__ptext17                  text17       15CF
__ptext18                  text18       081C
__ptext19                  text19       15AC
__ptext2                   text2        16B9
__ptext20                  text20       0802
__ptext21                  text21       1575
__ptext22                  text22       1595
__ptext23                  text23       158C
__ptext24                  text24       1583
__ptext25                  text25       168B
__ptext26                  text26       159F
__ptext3                   text3        1733
__ptext4                   text4        03FF
__ptext5                   text5        0903
__ptext6                   text6        1664
__ptext7                   text7        0024
__ptext8                   text8        15F3
__ptext9                   text9        0D68
__size_of_I2C_Master_Init  (abs)        0000
__size_of_I2C_Master_Read  (abs)        0000
__size_of_I2C_Master_Start (abs)        0000
__size_of_I2C_Master_Stop  (abs)        0000
__size_of_I2C_Master_Wait  (abs)        0000
__size_of_I2C_Master_Write (abs)        0000
__size_of_Lcd_Clear        (abs)        0000
__size_of_Lcd_Cmd          (abs)        0000
__size_of_Lcd_Init         (abs)        0000
__size_of_Lcd_Port         (abs)        0000
__size_of_Lcd_Set_Cursor   (abs)        0000
__size_of_Lcd_Write_Char   (abs)        0000
__size_of_Lcd_Write_String (abs)        0000
__size_of__Umul8_16        (abs)        0000
__size_of___awdiv          (abs)        0000
__size_of___fladd          (abs)        0000
__size_of___fldiv          (abs)        0000
__size_of___flge           (abs)        0000
__size_of___flmul          (abs)        0000
__size_of___flsub          (abs)        0000
__size_of___fltol          (abs)        0000
__size_of___lldiv          (abs)        0000
__size_of___wmul           (abs)        0000
__size_of___xxtofl         (abs)        0000
__size_of_convert          (abs)        0000
__size_of_main             (abs)        0000
__size_of_setup            (abs)        0000
__stringbase               strings      0012
__stringtab                strings      0003
_adc0                      bssBANK1     00B4
_cont                      bssBANK1     00AA
_contador                  bssBANK1     00A8
_conv0                     bssBANK1     00A4
_conv1                     bssBANK1     00A0
_convert                   text4        03FF
_main                      maintext     09BF
_main$1259                 cstackBANK1  00D1
_setup                     text1        1617
_var_adc0                  bssBANK1     00A9
btemp                      (abs)        007E
clear_ram0                 clrtext      157B
convert@a                  cstackBANK0  0066
convert@data               cstackBANK1  00C2
convert@digits             cstackBANK1  00C9
convert@i                  cstackBANK1  00C7
convert@j                  cstackBANK1  00C0
convert@mu                 cstackBANK1  00CB
convert@place              cstackBANK0  006A
convert@temp               cstackBANK1  00BE
convert@x                  cstackBANK1  00C3
end_of_initialization      cinit        07FC
intlevel0                  functab      0000
intlevel1                  functab      0000
intlevel2                  functab      0000
intlevel3                  functab      0000
intlevel4                  functab      0000
intlevel5                  functab      0000
reset_vec                  reset_vec    0000
start                      init         0000
start_initialization       cinit        07F3
wtemp0                     (abs)        007E


MODULE INFORMATION

Module		Function		Class		Link	Load	Size
C:\Program Files\Microchip\xc8\v2.32\pic\sources\c90\common\sprcadd.c
		___flsub       		CODE           	15F3	0000	36
		___fladd       		CODE           	0D68	0000	664

C:\Program Files\Microchip\xc8\v2.32\pic\sources\c90\common\sprcadd.c estimated size: 700

I2CL4M.c
		_I2C_Master_Read		CODE           	168B	0000	46
		_I2C_Master_Wait		CODE           	159F	0000	13
		_I2C_Master_Init		CODE           	16B9	0000	56
		_I2C_Master_Stop		CODE           	158C	0000	9
		_I2C_Master_Write		CODE           	1595	0000	10
		_I2C_Master_Start		CODE           	1583	0000	9

I2CL4M.c estimated size: 143

C:\Program Files\Microchip\xc8\v2.32\pic\sources\c90\common\flge.c
		___flge        		CODE           	0861	0000	162

C:\Program Files\Microchip\xc8\v2.32\pic\sources\c90\common\flge.c estimated size: 162

C:\Program Files\Microchip\xc8\v2.32\pic\sources\c90\common\xxtofl.c
		___xxtofl      		CODE           	0903	0000	188

C:\Program Files\Microchip\xc8\v2.32\pic\sources\c90\common\xxtofl.c estimated size: 188

C:\Program Files\Microchip\xc8\v2.32\pic\sources\c90\common\Umul8_16.c
		__Umul8_16     		CODE           	163D	0000	39

C:\Program Files\Microchip\xc8\v2.32\pic\sources\c90\common\Umul8_16.c estimated size: 39

MasterI2C.c
		_main          		CODE           	09BF	0000	460
		_setup         		CODE           	1617	0000	38

MasterI2C.c estimated size: 498

shared
		__stringtab    		STRING         	0003	0000	16
		__initialization		CODE           	07F3	0000	9

shared estimated size: 25

C:\Program Files\Microchip\xc8\v2.32\pic\sources\c90\common\sprcmul.c
		___flmul       		CODE           	009E	0000	865

C:\Program Files\Microchip\xc8\v2.32\pic\sources\c90\common\sprcmul.c estimated size: 865

C:\Program Files\Microchip\xc8\v2.32\pic\sources\c90\common\sprcdiv.c
		___fldiv       		CODE           	0B8B	0000	477

C:\Program Files\Microchip\xc8\v2.32\pic\sources\c90\common\sprcdiv.c estimated size: 477

ADCL4.c
		_convert       		CODE           	03FF	0000	1012

ADCL4.c estimated size: 1012

C:\Program Files\Microchip\xc8\v2.32\pic\sources\c90\common\awdiv.c
		___awdiv       		CODE           	1799	0000	103

C:\Program Files\Microchip\xc8\v2.32\pic\sources\c90\common\awdiv.c estimated size: 103

C:\Program Files\Microchip\xc8\v2.32\pic\sources\c90\common\Umul16.c
		___wmul        		CODE           	1664	0000	39

C:\Program Files\Microchip\xc8\v2.32\pic\sources\c90\common\Umul16.c estimated size: 39

C:\Program Files\Microchip\xc8\v2.32\pic\sources\c90\common\fltol.c
		___fltol       		CODE           	0024	0000	122

C:\Program Files\Microchip\xc8\v2.32\pic\sources\c90\common\fltol.c estimated size: 122

LCDL4.c
		_Lcd_Write_String		CODE           	16F1	0000	66
		_Lcd_Init      		CODE           	081C	0000	69
		_Lcd_Write_Char		CODE           	15B9	0000	22
		_Lcd_Cmd       		CODE           	0802	0000	26
		_Lcd_Set_Cursor		CODE           	15CF	0000	36
		_Lcd_Clear     		CODE           	15AC	0000	13
		_Lcd_Port      		CODE           	1575	0000	6

LCDL4.c estimated size: 238

C:\Program Files\Microchip\xc8\v2.32\pic\sources\c90\common\__lldiv.c
		___lldiv       		CODE           	1733	0000	102

C:\Program Files\Microchip\xc8\v2.32\pic\sources\c90\common\__lldiv.c estimated size: 102

