Microchip MPLAB XC8 Compiler V2.32

Linker command line:

-W-3 --edf=C:\Program Files\Microchip\xc8\v2.32\pic\dat\en_msgs.txt -cn \
  -h+dist/default/production\Lab03E.X.production.sym \
  --cmf=dist/default/production\Lab03E.X.production.cmf -z -Q16F887 \
  -oC:\Users\Admin\AppData\Local\Temp\xcAs3ss.4 --defsym=__MPLAB_BUILD=1 \
  -Mdist/default/production/Lab03E.X.production.map -E1 -ver=XC8 Compiler \
  --acfsm=1493 -ASTACK=0110h-016Fh -pstack=STACK -ACODE=00h-07FFhx4 \
  -ASTRCODE=00h-01FFFh -ASTRING=00h-0FFhx32 -ACONST=00h-0FFhx32 \
  -AENTRY=00h-0FFhx32 -ACOMMON=070h-07Fh -ABANK0=020h-06Fh \
  -ABANK1=0A0h-0EFh -ABANK2=0110h-016Fh -ABANK3=0190h-01EFh \
  -ARAM=020h-06Fh,0A0h-0EFh,0110h-016Fh,0190h-01EFh \
  -AABS1=020h-07Fh,0A0h-0EFh,0110h-016Fh,0190h-01EFh -ASFR0=00h-01Fh \
  -ASFR1=080h-09Fh -ASFR2=0100h-010Fh -ASFR3=0180h-018Fh \
  -ACONFIG=02007h-02008h -DCONFIG=2 -AIDLOC=02000h-02003h -DIDLOC=2 \
  -AEEDATA=00h-0FFh/02100h -peeprom_data=EEDATA -DEEDATA=2 -DCODE=2 \
  -DSTRCODE=2 -DSTRING=2 -DCONST=2 -DENTRY=2 \
  -preset_vec=00h,intentry=04h,init,end_init -ppowerup=CODE -pcinit=CODE \
  -pfunctab=ENTRY -k C:\Users\Admin\AppData\Local\Temp\xcAs3ss.o \
  dist/default/production\Lab03E.X.production.o 

Object code version is 3.11

Machine type is 16F887



                Name                               Link     Load   Length Selector   Space Scale
C:\Users\Admin\AppData\Local\Temp\xcAs3ss.o
                end_init                              E        E        3        8       0
                reset_vec                             0        0        3        0       0
                config                             2007     2007        2        0       4
dist/default/production\Lab03E.X.production.o
                cinit                                11       11       13        8       0
                intentry                              4        4        A        8       0
                config                             2007     2007        2        0       4
                text10                              2D5      2D5        7        8       0
                text9                               2C4      2C4        9        8       0
                text8                               2DC      2DC        6        8       0
                text7                               243      243       39        8       0
                text6                                24       24       99        8       0
                text5                               19A      19A       57        8       0
                text4                               2A6      2A6       1E        8       0
                text3                               27C      27C       2A        8       0
                text2                               12E      12E       6C        8       0
                text1                                BD       BD       71        8       0
                maintext                            1F1      1F1       52        8       0
                cstackBANK0                          39       39        7       20       1
                cstackCOMMON                         70       70        7       70       1
                clrtext                             2CD      2CD        8        8       0
                bssBANK0                             20       20       19       20       1
                bssCOMMON                            77       77        6       70       1

TOTAL           Name                               Link     Load   Length     Space
        CLASS   STACK          

        CLASS   CODE           
                end_init                              E        E        3         0
                cinit                                11       11       13         0
                intentry                              4        4        A         0
                reset_vec                             0        0        3         0
                text10                              2D5      2D5        7         0
                text9                               2C4      2C4        9         0
                text8                               2DC      2DC        6         0
                text7                               243      243       39         0
                text6                                24       24       99         0
                text5                               19A      19A       57         0
                text4                               2A6      2A6       1E         0
                text3                               27C      27C       2A         0
                text2                               12E      12E       6C         0
                text1                                BD       BD       71         0
                maintext                            1F1      1F1       52         0
                clrtext                             2CD      2CD        8         0

        CLASS   STRCODE        

        CLASS   STRING         

        CLASS   CONST          

        CLASS   ENTRY          

        CLASS   COMMON         
                cstackCOMMON                         70       70        7         1
                bssCOMMON                            77       77        6         1

        CLASS   BANK0          
                cstackBANK0                          39       39        7         1
                bssBANK0                             20       20       19         1

        CLASS   BANK1          

        CLASS   BANK2          

        CLASS   BANK3          

        CLASS   RAM            

        CLASS   ABS1           
                abs_s1                               7E       7E        2         1

        CLASS   SFR0           

        CLASS   SFR1           

        CLASS   SFR2           

        CLASS   SFR3           

        CLASS   CONFIG         
                config                             2007     2007        2         4

        CLASS   IDLOC          

        CLASS   EEDATA         



SEGMENTS        Name                           Load    Length   Top    Selector   Space  Class     Delta

                reset_vec                      000000  000003  000003         0       0  CODE        2
                intentry                       000004  0002DE  0002E2         8       0  CODE        2
                bssBANK0                       000020  000020  000040        20       1  BANK0       1
                cstackCOMMON                   000070  00000D  00007D        70       1  COMMON      1


UNUSED ADDRESS RANGES

        Name                Unused          Largest block    Delta
        BANK0            0040-006F             30           1
        BANK1            00A0-00EF             50           1
        BANK2            0110-016F             60           1
        BANK3            0190-01EF             60           1
        CODE             0003-0003              1           2
                         02E2-1FFF            800
        COMMON           007D-007D              1           1
        CONST            0003-0003              1           2
                         02E2-1FFF            100
        EEDATA           2100-21FF            100           2
        ENTRY            0003-0003              1           2
                         02E2-1FFF            100
        IDLOC            2000-2003              4           2
        RAM              0040-006F             30           1
                         00A0-00EF             50
                         0110-016F             60
                         0190-01EF             60
        SFR0             0000-001F             20           1
        SFR1             0080-009F             20           1
        SFR2             0100-010F             10           1
        SFR3             0180-018F             10           1
        STACK            0110-016F             60           1
        STRCODE          0003-0003              1           2
                         02E2-1FFF           1D1E
        STRING           0003-0003              1           2
                         02E2-1FFF            100

                                  Symbol Table

Select_ch@channel        cstackBANK0  003B
_ADCON0bits              (abs)        001F
_ADCON1bits              (abs)        009F
_ADRESH                  (abs)        001E
_ANSEL                   (abs)        0188
_ANSELH                  (abs)        0189
_ANSELHbits              (abs)        0189
_ANSELbits               (abs)        0188
_INTCONbits              (abs)        000B
_OSCCONbits              (abs)        008F
_PIE1bits                (abs)        008C
_PIR1bits                (abs)        000C
_PORTB                   (abs)        0006
_PORTD                   (abs)        0008
_RCREG                   (abs)        001A
_RCSTAbits               (abs)        0018
_SPBRG                   (abs)        0099
_SSPBUF                  (abs)        0013
_SSPCON                  (abs)        0014
_SSPIF                   (abs)        0063
_SSPSTAT                 (abs)        0094
_SSPSTATbits             (abs)        0094
_Select_ch               text6        0024
_TRISA0                  (abs)        0428
_TRISA1                  (abs)        0429
_TRISAbits               (abs)        0085
_TRISB                   (abs)        0086
_TRISC3                  (abs)        043B
_TRISC5                  (abs)        043D
_TRISCbits               (abs)        0087
_TRISD                   (abs)        0088
_TXIF                    (abs)        0064
_TXREG                   (abs)        0019
_TXSTAbits               (abs)        0098
__Habs1                  abs1         0000
__Hbank0                 bank0        0000
__Hbank1                 bank1        0000
__Hbank2                 bank2        0000
__Hbank3                 bank3        0000
__HbssBANK0              bssBANK0     0000
__HbssCOMMON             bssCOMMON    0000
__Hcinit                 cinit        0024
__Hclrtext               clrtext      0000
__Hcode                  code         0000
__Hcommon                common       0000
__Hconfig                config       2009
__HcstackBANK0           cstackBANK0  0000
__HcstackCOMMON          cstackCOMMON 0000
__Heeprom_data           eeprom_data  0000
__Hend_init              end_init     0011
__Hfunctab               functab      0000
__Hinit                  init         000E
__Hintentry              intentry     000E
__Hmaintext              maintext     0000
__Hpowerup               powerup      0000
__Hram                   ram          0000
__Hreset_vec             reset_vec    0003
__Hsfr0                  sfr0         0000
__Hsfr1                  sfr1         0000
__Hsfr2                  sfr2         0000
__Hsfr3                  sfr3         0000
__Hspace_0               (abs)        02E2
__Hspace_1               (abs)        007D
__Hspace_2               (abs)        0000
__Hspace_3               (abs)        0000
__Hspace_4               (abs)        4010
__Hstack                 stack        0000
__Hstrings               strings      0000
__Htext                  text         0000
__Labs1                  abs1         0000
__Lbank0                 bank0        0000
__Lbank1                 bank1        0000
__Lbank2                 bank2        0000
__Lbank3                 bank3        0000
__LbssBANK0              bssBANK0     0000
__LbssCOMMON             bssCOMMON    0000
__Lcinit                 cinit        0011
__Lclrtext               clrtext      0000
__Lcode                  code         0000
__Lcommon                common       0000
__Lconfig                config       0000
__LcstackBANK0           cstackBANK0  0000
__LcstackCOMMON          cstackCOMMON 0000
__Leeprom_data           eeprom_data  0000
__Lend_init              end_init     000E
__Lfunctab               functab      0000
__Linit                  init         000E
__Lintentry              intentry     0004
__Lmaintext              maintext     0000
__Lpowerup               powerup      0000
__Lram                   ram          0000
__Lreset_vec             reset_vec    0000
__Lsfr0                  sfr0         0000
__Lsfr1                  sfr1         0000
__Lsfr2                  sfr2         0000
__Lsfr3                  sfr3         0000
__Lspace_0               (abs)        0000
__Lspace_1               (abs)        0000
__Lspace_2               (abs)        0000
__Lspace_3               (abs)        0000
__Lspace_4               (abs)        0000
__Lstack                 stack        0000
__Lstrings               strings      0000
__Ltext                  text         0000
__S0                     (abs)        02E2
__S1                     (abs)        007D
__S2                     (abs)        0000
__S3                     (abs)        0000
___int_sp                stack        0000
___latbits               (abs)        0002
___sp                    stack        0000
___stackhi               (abs)        0000
___stacklo               (abs)        0000
__end_of_Select_ch       text6        00BD
__end_of__initialization cinit        0020
__end_of_configE         text3        02A6
__end_of_config_osc      text5        01F1
__end_of_isr             text7        027C
__end_of_main            maintext     0243
__end_of_spiInit         text4        02C4
__end_of_spiRead         text9        02CD
__end_of_spiReceiveWait  text10       02DC
__end_of_spiWrite        text8        02E2
__end_of_start_adc       text2        019A
__end_of_start_ch        text1        012E
__initialization         cinit        0011
__pbssBANK0              bssBANK0     0020
__pbssCOMMON             bssCOMMON    0077
__pcstackBANK0           cstackBANK0  0039
__pcstackCOMMON          cstackCOMMON 0070
__pintentry              intentry     0004
__pmaintext              maintext     01F1
__ptext1                 text1        00BD
__ptext10                text10       02D5
__ptext2                 text2        012E
__ptext3                 text3        027C
__ptext4                 text4        02A6
__ptext5                 text5        019A
__ptext6                 text6        0024
__ptext7                 text7        0243
__ptext8                 text8        02DC
__ptext9                 text9        02C4
__size_of_Select_ch      (abs)        0000
__size_of_configE        (abs)        0000
__size_of_config_osc     (abs)        0000
__size_of_isr            (abs)        0000
__size_of_main           (abs)        0000
__size_of_spiInit        (abs)        0000
__size_of_spiRead        (abs)        0000
__size_of_spiReceiveWait (abs)        0000
__size_of_spiWrite       (abs)        0000
__size_of_start_adc      (abs)        0000
__size_of_start_ch       (abs)        0000
_canal_act               bssBANK0     0038
_configE                 text3        027C
_config_osc              text5        019A
_isr                     text7        0243
_main                    maintext     01F1
_spiInit                 text4        02A6
_spiRead                 text9        02C4
_spiReceiveWait          text10       02D5
_spiWrite                text8        02DC
_start_adc               text2        012E
_start_ch                text1        00BD
_var_adc0                bssCOMMON    007C
_var_adc1                bssCOMMON    007B
btemp                    (abs)        007E
clear_ram0               clrtext      02CD
config_osc@frec          cstackBANK0  003B
end_of_initialization    cinit        0020
interrupt_function       intentry     0004
intlevel0                functab      0000
intlevel1                functab      0000
intlevel2                functab      0000
intlevel3                functab      0000
intlevel4                functab      0000
intlevel5                functab      0000
isr@bandera              cstackCOMMON 0076
reset_vec                reset_vec    0000
saved_w                  (abs)        007E
spiInit@sClockIdle       cstackBANK0  003A
spiInit@sDataSample      cstackBANK0  0039
spiInit@sTransmitEdge    cstackBANK0  003B
spiInit@sType            cstackBANK0  003C
spiWrite@dat             cstackCOMMON 0070
start                    init         000E
start_adc@Vref           cstackBANK0  003A
start_adc@frec           cstackBANK0  003E
start_adc@isr            cstackBANK0  0039
start_adc@justRL         cstackBANK0  003B
start_ch@channel         cstackBANK0  003B
start_initialization     cinit        0011
wtemp0                   (abs)        007E


MODULE INFORMATION

Module		Function		Class		Link	Load	Size
Esclavo.c
		_main          		CODE           	01F1	0000	82
		_isr           		CODE           	0243	0000	57
		_configE       		CODE           	027C	0000	42

Esclavo.c estimated size: 181

ADCEL3.c
		_start_adc     		CODE           	012E	0000	108
		_start_ch      		CODE           	00BD	0000	113
		_Select_ch     		CODE           	0024	0000	153

ADCEL3.c estimated size: 374

Librerias.c
		_spiWrite      		CODE           	02DC	0000	6
		_spiInit       		CODE           	02A6	0000	30
		_spiReceiveWait		CODE           	02D5	0000	7
		_spiRead       		CODE           	02C4	0000	9
		_config_osc    		CODE           	019A	0000	87

Librerias.c estimated size: 139

shared
		__initialization		CODE           	0011	0000	15

shared estimated size: 15

