Microchip MPLAB XC8 Compiler V2.32

Linker command line:

-W-3 --edf=C:\Program Files\Microchip\xc8\v2.32\pic\dat\en_msgs.txt -cn \
  -h+dist/default/production\Lab03E.X.production.sym \
  --cmf=dist/default/production\Lab03E.X.production.cmf -z -Q16F887 \
  -oC:\Users\Admin\AppData\Local\Temp\xcAs5ck.4 --defsym=__MPLAB_BUILD=1 \
  -Mdist/default/production/Lab03E.X.production.map -E1 -ver=XC8 Compiler \
  --acfsm=1493 -ASTACK=0110h-016Fh -pstack=STACK -ACODE=00h-07FFhx4 \
  -ASTRCODE=00h-01FFFh -ASTRING=00h-0FFhx32 -ACONST=00h-0FFhx32 \
  -AENTRY=00h-0FFhx32 -ACOMMON=070h-07Fh -ABANK0=020h-06Fh \
  -ABANK1=0A0h-0EFh -ABANK2=0110h-016Fh -ABANK3=0190h-01EFh \
  -ARAM=020h-06Fh,0A0h-0EFh,0110h-016Fh,0190h-01EFh \
  -AABS1=020h-07Fh,0A0h-0EFh,0110h-016Fh,0190h-01EFh -ASFR0=00h-01Fh \
  -ASFR1=080h-09Fh -ASFR2=0100h-010Fh -ASFR3=0180h-018Fh \
  -ACONFIG=02007h-02008h -DCONFIG=2 -AIDLOC=02000h-02003h -DIDLOC=2 \
  -AEEDATA=00h-0FFh/02100h -peeprom_data=EEDATA -DEEDATA=2 -DCODE=2 \
  -DSTRCODE=2 -DSTRING=2 -DCONST=2 -DENTRY=2 \
  -preset_vec=00h,intentry=04h,init,end_init -ppowerup=CODE -pcinit=CODE \
  -pfunctab=ENTRY -k C:\Users\Admin\AppData\Local\Temp\xcAs5ck.o \
  dist/default/production\Lab03E.X.production.o 

Object code version is 3.11

Machine type is 16F887



                Name                               Link     Load   Length Selector   Space Scale
C:\Users\Admin\AppData\Local\Temp\xcAs5ck.o
                end_init                              C        C        3        8       0
                reset_vec                             0        0        3        0       0
                config                             2007     2007        2        0       4
dist/default/production\Lab03E.X.production.o
                cinit                                 F        F       11        8       0
                intentry                              4        4        8        8       0
                config                             2007     2007        2        0       4
                text24                             119C     119C        7     2338       0
                text23                             11AB     11AB        9     2356       0
                text22                             1196     1196        6     232C       0
                text21                              800      800       7A        8       0
                text20                             12C8     12C8       58     2590       0
                text19                             15BD     15BD       99     2B7A       0
                text18                             1320     1320       68     2640       0
                text17                             14CE     14CE       73     299C       0
                text16                             1271     1271       57     24E2       0
                text15                             11B4     11B4       1E     2368       0
                text14                             1246     1246       2B     248C       0
                text13                             1388     1388       69     2710       0
                text12                              57F      57F      1DD        8       0
                text11                              75C      75C       A4        8       0
                text10                             121D     121D       29     243A       0
                text9                                20       20      55F        8       0
                text8                               936      936      288     126C       0
                text7                              11D2     11D2       24     23A4       0
                text6                              1541     1541       7C     2A82       0
                text5                              11F6     11F6       27     23EC       0
                text4                               87A      87A       BC     10F4       0
                text3                               BBE      BBE      442     177C       0
                text2                              13F1     13F1       6C     27E2       0
                text1                              145D     145D       71     28BA       0
                maintext                           1656     1656      1AA     2CAC       0
                cstackBANK0                          20       20       4E       20       1
                cstackCOMMON                         70       70        D       70       1
                cstackBANK1                          A0       A0       20       A0       1
                clrtext                            11A3     11A3        8     2346       0
                bssBANK1                             C0       C0       1D       A0       1
                bssBANK0                             6E       6E        2       20       1

TOTAL           Name                               Link     Load   Length     Space
        CLASS   STACK          

        CLASS   CODE           
                end_init                              C        C        3         0
                cinit                                 F        F       11         0
                intentry                              4        4        8         0
                reset_vec                             0        0        3         0
                text24                             119C     119C        7         0
                text23                             11AB     11AB        9         0
                text22                             1196     1196        6         0
                text21                              800      800       7A         0
                text20                             12C8     12C8       58         0
                text19                             15BD     15BD       99         0
                text18                             1320     1320       68         0
                text17                             14CE     14CE       73         0
                text16                             1271     1271       57         0
                text15                             11B4     11B4       1E         0
                text14                             1246     1246       2B         0
                text13                             1388     1388       69         0
                text12                              57F      57F      1DD         0
                text11                              75C      75C       A4         0
                text10                             121D     121D       29         0
                text9                                20       20      55F         0
                text8                               936      936      288         0
                text7                              11D2     11D2       24         0
                text6                              1541     1541       7C         0
                text5                              11F6     11F6       27         0
                text4                               87A      87A       BC         0
                text3                               BBE      BBE      442         0
                text2                              13F1     13F1       6C         0
                text1                              145D     145D       71         0
                maintext                           1656     1656      1AA         0
                clrtext                            11A3     11A3        8         0

        CLASS   STRCODE        

        CLASS   STRING         

        CLASS   CONST          

        CLASS   ENTRY          

        CLASS   COMMON         
                cstackCOMMON                         70       70        D         1

        CLASS   BANK0          
                cstackBANK0                          20       20       4E         1
                bssBANK0                             6E       6E        2         1

        CLASS   BANK1          
                cstackBANK1                          A0       A0       20         1
                bssBANK1                             C0       C0       1D         1

        CLASS   BANK2          

        CLASS   BANK3          

        CLASS   RAM            

        CLASS   ABS1           
                abs_s1                               7E       7E        2         1

        CLASS   SFR0           

        CLASS   SFR1           

        CLASS   SFR2           

        CLASS   SFR3           

        CLASS   CONFIG         
                config                             2007     2007        2         4

        CLASS   IDLOC          

        CLASS   EEDATA         



SEGMENTS        Name                           Load    Length   Top    Selector   Space  Class     Delta

                reset_vec                      000000  000003  000003         0       0  CODE        2
                intentry                       000004  000876  00087A         8       0  CODE        2
                cstackBANK0                    000020  000050  000070        20       1  BANK0       1
                cstackCOMMON                   000070  00000D  00007D        70       1  COMMON      1
                cstackBANK1                    0000A0  00003D  0000DD        A0       1  BANK1       1
                text4                          00087A  0000BC  000936      10F4       0  CODE        2
                text8                          000936  000288  000BBE      126C       0  CODE        2
                text3                          000BBE  000442  001000      177C       0  CODE        2
                text22                         001196  000006  00119C      232C       0  CODE        2
                text24                         00119C  000007  0011A3      2338       0  CODE        2
                clrtext                        0011A3  000008  0011AB      2346       0  CODE        2
                text23                         0011AB  000009  0011B4      2356       0  CODE        2
                text15                         0011B4  00001E  0011D2      2368       0  CODE        2
                text7                          0011D2  000024  0011F6      23A4       0  CODE        2
                text5                          0011F6  000027  00121D      23EC       0  CODE        2
                text10                         00121D  000029  001246      243A       0  CODE        2
                text14                         001246  00002B  001271      248C       0  CODE        2
                text16                         001271  000057  0012C8      24E2       0  CODE        2
                text20                         0012C8  000058  001320      2590       0  CODE        2
                text18                         001320  000068  001388      2640       0  CODE        2
                text13                         001388  000069  0013F1      2710       0  CODE        2
                text2                          0013F1  00006C  00145D      27E2       0  CODE        2
                text1                          00145D  000071  0014CE      28BA       0  CODE        2
                text17                         0014CE  000073  001541      299C       0  CODE        2
                text6                          001541  00007C  0015BD      2A82       0  CODE        2
                text19                         0015BD  000099  001656      2B7A       0  CODE        2
                maintext                       001656  0001AA  001800      2CAC       0  CODE        2


UNUSED ADDRESS RANGES

        Name                Unused          Largest block    Delta
        BANK1            00DD-00EF             13           1
        BANK2            0110-016F             60           1
        BANK3            0190-01EF             60           1
        CODE             0003-0003              1           2
                         1000-1195            196
                         1800-1FFF            800
        COMMON           007D-007D              1           1
        CONST            0003-0003              1           2
                         1000-1195            100
                         1800-1FFF            100
        EEDATA           2100-21FF            100           2
        ENTRY            0003-0003              1           2
                         1000-1195            100
                         1800-1FFF            100
        IDLOC            2000-2003              4           2
        RAM              00DD-00EF             13           1
                         0110-016F             60
                         0190-01EF             60
        SFR0             0000-001F             20           1
        SFR1             0080-009F             20           1
        SFR2             0100-010F             10           1
        SFR3             0180-018F             10           1
        STACK            0110-016F             60           1
        STRCODE          0003-0003              1           2
                         1000-1195            196
                         1800-1FFF            800
        STRING           0003-0003              1           2
                         1000-1195            100
                         1800-1FFF            100

                                  Symbol Table

?__Umul8_16              cstackBANK0  0020
?___awdiv                cstackBANK0  0020
?___fladd                cstackBANK0  0020
?___fldiv                cstackBANK0  003F
?___flmul                cstackBANK0  0059
?___flsub                cstackBANK0  003F
?___fltol                cstackBANK0  0020
?___lldiv                cstackBANK0  0020
?___wmul                 cstackBANK0  002B
?___xxtofl               cstackBANK0  0031
?i1___fltol              cstackCOMMON 0070
Select_ch@channel        cstackBANK0  0022
UARTInit@BRGH            cstackBANK0  0032
UARTInit@baud_rate       cstackBANK0  002E
_ADCON0bits              (abs)        001F
_ADCON1bits              (abs)        009F
_ADRESH                  (abs)        001E
_ANSEL                   (abs)        0188
_ANSELH                  (abs)        0189
_ANSELHbits              (abs)        0189
_ANSELbits               (abs)        0188
_INTCONbits              (abs)        000B
_OSCCONbits              (abs)        008F
_PIE1bits                (abs)        008C
_PIR1bits                (abs)        000C
_PORTB                   (abs)        0006
_PORTC                   (abs)        0007
_PORTD                   (abs)        0008
_RCREG                   (abs)        001A
_RCSTAbits               (abs)        0018
_SPBRG                   (abs)        0099
_SSPBUF                  (abs)        0013
_SSPCON                  (abs)        0014
_SSPIF                   (abs)        0063
_SSPSTAT                 (abs)        0094
_SSPSTATbits             (abs)        0094
_Select_ch               text19       15BD
_TRISA0                  (abs)        0428
_TRISA1                  (abs)        0429
_TRISAbits               (abs)        0085
_TRISB                   (abs)        0086
_TRISC                   (abs)        0087
_TRISC3                  (abs)        043B
_TRISC5                  (abs)        043D
_TRISCbits               (abs)        0087
_TRISD                   (abs)        0088
_TXIF                    (abs)        0064
_TXREG                   (abs)        0019
_TXSTAbits               (abs)        0098
_UARTInit                text17       14CE
__Habs1                  abs1         0000
__Hbank0                 bank0        0000
__Hbank1                 bank1        0000
__Hbank2                 bank2        0000
__Hbank3                 bank3        0000
__HbssBANK0              bssBANK0     0000
__HbssBANK1              bssBANK1     0000
__Hcinit                 cinit        0020
__Hclrtext               clrtext      0000
__Hcode                  code         0000
__Hcommon                common       0000
__Hconfig                config       2009
__HcstackBANK0           cstackBANK0  0000
__HcstackBANK1           cstackBANK1  0000
__HcstackCOMMON          cstackCOMMON 0000
__Heeprom_data           eeprom_data  0000
__Hend_init              end_init     000F
__Hfunctab               functab      0000
__Hinit                  init         000C
__Hintentry              intentry     000C
__Hmaintext              maintext     0000
__Hpowerup               powerup      0000
__Hram                   ram          0000
__Hreset_vec             reset_vec    0003
__Hsfr0                  sfr0         0000
__Hsfr1                  sfr1         0000
__Hsfr2                  sfr2         0000
__Hsfr3                  sfr3         0000
__Hspace_0               (abs)        1800
__Hspace_1               (abs)        00DD
__Hspace_2               (abs)        0000
__Hspace_3               (abs)        0000
__Hspace_4               (abs)        4010
__Hstack                 stack        0000
__Hstrings               strings      0000
__Htext                  text         0000
__Labs1                  abs1         0000
__Lbank0                 bank0        0000
__Lbank1                 bank1        0000
__Lbank2                 bank2        0000
__Lbank3                 bank3        0000
__LbssBANK0              bssBANK0     0000
__LbssBANK1              bssBANK1     0000
__Lcinit                 cinit        000F
__Lclrtext               clrtext      0000
__Lcode                  code         0000
__Lcommon                common       0000
__Lconfig                config       0000
__LcstackBANK0           cstackBANK0  0000
__LcstackBANK1           cstackBANK1  0000
__LcstackCOMMON          cstackCOMMON 0000
__Leeprom_data           eeprom_data  0000
__Lend_init              end_init     000C
__Lfunctab               functab      0000
__Linit                  init         000C
__Lintentry              intentry     0004
__Lmaintext              maintext     0000
__Lpowerup               powerup      0000
__Lram                   ram          0000
__Lreset_vec             reset_vec    0000
__Lsfr0                  sfr0         0000
__Lsfr1                  sfr1         0000
__Lsfr2                  sfr2         0000
__Lsfr3                  sfr3         0000
__Lspace_0               (abs)        0000
__Lspace_1               (abs)        0000
__Lspace_2               (abs)        0000
__Lspace_3               (abs)        0000
__Lspace_4               (abs)        0000
__Lstack                 stack        0000
__Lstrings               strings      0000
__Ltext                  text         0000
__S0                     (abs)        1800
__S1                     (abs)        00DD
__S2                     (abs)        0000
__S3                     (abs)        0000
__Umul8_16               text10       121D
__Umul8_16@multiplicand  cstackBANK0  0020
__Umul8_16@multiplier    cstackBANK0  0028
__Umul8_16@product       cstackBANK0  0024
__Umul8_16@word_mpld     cstackBANK0  0026
___awdiv                 text13       1388
___awdiv@counter         cstackBANK0  0025
___awdiv@dividend        cstackBANK0  0022
___awdiv@divisor         cstackBANK0  0020
___awdiv@quotient        cstackBANK0  0027
___awdiv@sign            cstackBANK0  0026
___fladd                 text8        0936
___fladd@a               cstackBANK0  0024
___fladd@aexp            cstackBANK0  0031
___fladd@b               cstackBANK0  0020
___fladd@bexp            cstackBANK0  0032
___fladd@grs             cstackBANK0  0033
___fladd@signs           cstackBANK0  0030
___fldiv                 text12       057F
___fldiv@a               cstackBANK0  003F
___fldiv@aexp            cstackBANK0  0058
___fldiv@b               cstackBANK0  0043
___fldiv@bexp            cstackBANK0  0057
___fldiv@grs             cstackBANK0  0053
___fldiv@new_exp         cstackBANK0  0051
___fldiv@rem             cstackBANK0  004C
___fldiv@sign            cstackBANK0  0050
___flge                  text11       075C
___flge@ff1              cstackBANK0  0020
___flge@ff2              cstackBANK0  0024
___flmul                 text9        0020
___flmul@a               cstackBANK0  005D
___flmul@aexp            cstackBANK1  00A5
___flmul@b               cstackBANK0  0059
___flmul@bexp            cstackBANK1  00A6
___flmul@grs             cstackBANK1  00A1
___flmul@prod            cstackBANK1  00A7
___flmul@sign            cstackBANK1  00A0
___flmul@temp            cstackBANK1  00AB
___flsub                 text7        11D2
___flsub@a               cstackBANK0  003F
___flsub@b               cstackBANK0  0043
___fltol                 text6        1541
___fltol@exp1            cstackBANK0  002A
___fltol@f1              cstackBANK0  0020
___fltol@sign1           cstackBANK0  0029
___int_sp                stack        0000
___latbits               (abs)        0002
___lldiv                 text18       1320
___lldiv@counter         cstackBANK0  002D
___lldiv@dividend        cstackBANK0  0024
___lldiv@divisor         cstackBANK0  0020
___lldiv@quotient        cstackBANK0  0029
___sp                    stack        0000
___stackhi               (abs)        0000
___stacklo               (abs)        0000
___wmul                  text5        11F6
___wmul@multiplicand     cstackBANK0  002D
___wmul@multiplier       cstackBANK0  002B
___wmul@product          cstackBANK0  002F
___xxtofl                text4        087A
___xxtofl@arg            cstackBANK0  003B
___xxtofl@exp            cstackBANK0  003A
___xxtofl@sign           cstackBANK0  0039
___xxtofl@val            cstackBANK0  0031
__end_of_Select_ch       text19       1656
__end_of_UARTInit        text17       1541
__end_of__Umul8_16       text10       1246
__end_of___awdiv         text13       13F1
__end_of___fladd         text8        0BBE
__end_of___fldiv         text12       075C
__end_of___flge          text11       0800
__end_of___flmul         text9        057F
__end_of___flsub         text7        11F6
__end_of___fltol         text6        15BD
__end_of___lldiv         text18       1388
__end_of___wmul          text5        121D
__end_of___xxtofl        text4        0936
__end_of__initialization cinit        001C
__end_of_configE         text14       1271
__end_of_config_osc      text16       12C8
__end_of_convert         text3        1000
__end_of_isr             text20       1320
__end_of_main            maintext     1800
__end_of_spiInit         text15       11D2
__end_of_spiRead         text23       11B4
__end_of_spiReceiveWait  text24       11A3
__end_of_spiWrite        text22       119C
__end_of_start_adc       text2        145D
__end_of_start_ch        text1        14CE
__end_ofi1___fltol       text21       087A
__initialization         cinit        000F
__pbssBANK0              bssBANK0     006E
__pbssBANK1              bssBANK1     00C0
__pcstackBANK0           cstackBANK0  0020
__pcstackBANK1           cstackBANK1  00A0
__pcstackCOMMON          cstackCOMMON 0070
__pintentry              intentry     0004
__pmaintext              maintext     1656
__ptext1                 text1        145D
__ptext10                text10       121D
__ptext11                text11       075C
__ptext12                text12       057F
__ptext13                text13       1388
__ptext14                text14       1246
__ptext15                text15       11B4
__ptext16                text16       1271
__ptext17                text17       14CE
__ptext18                text18       1320
__ptext19                text19       15BD
__ptext2                 text2        13F1
__ptext20                text20       12C8
__ptext21                text21       0800
__ptext22                text22       1196
__ptext23                text23       11AB
__ptext24                text24       119C
__ptext3                 text3        0BBE
__ptext4                 text4        087A
__ptext5                 text5        11F6
__ptext6                 text6        1541
__ptext7                 text7        11D2
__ptext8                 text8        0936
__ptext9                 text9        0020
__size_of_Select_ch      (abs)        0000
__size_of_UARTInit       (abs)        0000
__size_of__Umul8_16      (abs)        0000
__size_of___awdiv        (abs)        0000
__size_of___fladd        (abs)        0000
__size_of___fldiv        (abs)        0000
__size_of___flge         (abs)        0000
__size_of___flmul        (abs)        0000
__size_of___flsub        (abs)        0000
__size_of___fltol        (abs)        0000
__size_of___lldiv        (abs)        0000
__size_of___wmul         (abs)        0000
__size_of___xxtofl       (abs)        0000
__size_of_configE        (abs)        0000
__size_of_config_osc     (abs)        0000
__size_of_convert        (abs)        0000
__size_of_isr            (abs)        0000
__size_of_main           (abs)        0000
__size_of_spiInit        (abs)        0000
__size_of_spiRead        (abs)        0000
__size_of_spiReceiveWait (abs)        0000
__size_of_spiWrite       (abs)        0000
__size_of_start_adc      (abs)        0000
__size_of_start_ch       (abs)        0000
__size_ofi1___fltol      (abs)        0000
_adc0                    bssBANK1     00D3
_adc1                    bssBANK1     00C9
_canal_act               bssBANK1     00C8
_configE                 text14       1246
_config_osc              text16       1271
_conv0                   bssBANK1     00C4
_conv1                   bssBANK1     00C0
_convert                 text3        0BBE
_isr                     text20       12C8
_main                    maintext     1656
_spiInit                 text15       11B4
_spiRead                 text23       11AB
_spiReceiveWait          text24       119C
_spiWrite                text22       1196
_start_adc               text2        13F1
_start_ch                text1        145D
_var_adc0                bssBANK0     006F
_var_adc1                bssBANK0     006E
btemp                    (abs)        007E
clear_ram0               clrtext      11A3
config_osc@frec          cstackBANK0  0022
convert@a                cstackBANK0  0066
convert@data             cstackBANK1  00B1
convert@digits           cstackBANK1  00B8
convert@i                cstackBANK1  00B6
convert@j                cstackBANK1  00AF
convert@mu               cstackBANK1  00BA
convert@place            cstackBANK0  006A
convert@temp             cstackBANK1  00AD
convert@x                cstackBANK1  00B2
end_of_initialization    cinit        001C
i1___fltol               text21       0800
i1___fltol@exp1          cstackCOMMON 007A
i1___fltol@f1            cstackCOMMON 0070
i1___fltol@sign1         cstackCOMMON 0079
interrupt_function       intentry     0004
intlevel0                functab      0000
intlevel1                functab      0000
intlevel2                functab      0000
intlevel3                functab      0000
intlevel4                functab      0000
intlevel5                functab      0000
reset_vec                reset_vec    0000
saved_w                  (abs)        007E
spiInit@sClockIdle       cstackBANK0  0021
spiInit@sDataSample      cstackBANK0  0020
spiInit@sTransmitEdge    cstackBANK0  0022
spiInit@sType            cstackBANK0  0023
spiWrite@dat             cstackCOMMON 0070
start                    init         000C
start_adc@Vref           cstackBANK0  0021
start_adc@frec           cstackBANK0  0025
start_adc@isr            cstackBANK0  0020
start_adc@justRL         cstackBANK0  0022
start_ch@channel         cstackBANK0  0022
start_initialization     cinit        000F
wtemp0                   (abs)        007E


MODULE INFORMATION

Module		Function		Class		Link	Load	Size
C:\Program Files\Microchip\xc8\v2.32\pic\sources\c90\common\sprcadd.c
		___flsub       		CODE           	11D2	0000	36
		___fladd       		CODE           	0936	0000	648

C:\Program Files\Microchip\xc8\v2.32\pic\sources\c90\common\sprcadd.c estimated size: 684

Esclavo.c
		_main          		CODE           	1656	0000	426
		_isr           		CODE           	12C8	0000	88
		_configE       		CODE           	1246	0000	43

Esclavo.c estimated size: 557

C:\Program Files\Microchip\xc8\v2.32\pic\sources\c90\common\flge.c
		___flge        		CODE           	075C	0000	164

C:\Program Files\Microchip\xc8\v2.32\pic\sources\c90\common\flge.c estimated size: 164

ADCEL3.c
		_start_adc     		CODE           	13F1	0000	108
		_start_ch      		CODE           	145D	0000	113
		_Select_ch     		CODE           	15BD	0000	153
		_convert       		CODE           	0BBE	0000	1090

ADCEL3.c estimated size: 1464

Librerias.c
		_spiWrite      		CODE           	1196	0000	6
		_spiInit       		CODE           	11B4	0000	30
		_spiReceiveWait		CODE           	119C	0000	7
		_spiRead       		CODE           	11AB	0000	9
		_config_osc    		CODE           	1271	0000	87

Librerias.c estimated size: 139

C:\Program Files\Microchip\xc8\v2.32\pic\sources\c90\common\xxtofl.c
		___xxtofl      		CODE           	087A	0000	188

C:\Program Files\Microchip\xc8\v2.32\pic\sources\c90\common\xxtofl.c estimated size: 188

USARTEL3.c
		_UARTInit      		CODE           	14CE	0000	115

USARTEL3.c estimated size: 115

C:\Program Files\Microchip\xc8\v2.32\pic\sources\c90\common\Umul8_16.c
		__Umul8_16     		CODE           	121D	0000	41

C:\Program Files\Microchip\xc8\v2.32\pic\sources\c90\common\Umul8_16.c estimated size: 41

shared
		i1___fltol     		CODE           	0800	0000	122
		__initialization		CODE           	000F	0000	13

shared estimated size: 135

C:\Program Files\Microchip\xc8\v2.32\pic\sources\c90\common\sprcmul.c
		___flmul       		CODE           	0020	0000	1375

C:\Program Files\Microchip\xc8\v2.32\pic\sources\c90\common\sprcmul.c estimated size: 1375

C:\Program Files\Microchip\xc8\v2.32\pic\sources\c90\common\sprcdiv.c
		___fldiv       		CODE           	057F	0000	477

C:\Program Files\Microchip\xc8\v2.32\pic\sources\c90\common\sprcdiv.c estimated size: 477

C:\Program Files\Microchip\xc8\v2.32\pic\sources\c90\common\awdiv.c
		___awdiv       		CODE           	1388	0000	105

C:\Program Files\Microchip\xc8\v2.32\pic\sources\c90\common\awdiv.c estimated size: 105

C:\Program Files\Microchip\xc8\v2.32\pic\sources\c90\common\Umul16.c
		___wmul        		CODE           	11F6	0000	39

C:\Program Files\Microchip\xc8\v2.32\pic\sources\c90\common\Umul16.c estimated size: 39

C:\Program Files\Microchip\xc8\v2.32\pic\sources\c90\common\fltol.c
		___fltol       		CODE           	1541	0000	124

C:\Program Files\Microchip\xc8\v2.32\pic\sources\c90\common\fltol.c estimated size: 124

C:\Program Files\Microchip\xc8\v2.32\pic\sources\c90\common\__lldiv.c
		___lldiv       		CODE           	1320	0000	104

C:\Program Files\Microchip\xc8\v2.32\pic\sources\c90\common\__lldiv.c estimated size: 104

